Archive member included to satisfy reference by file (symbol)

d:/arquivos de programas/7.0/toolchain/arm/arm-gnu-toolchain/bin/../lib/gcc/arm-none-eabi/6.3.1/../../../../arm-none-eabi/lib/thumb/v7e-m\libc.a(lib_a-exit.o)
                              d:/arquivos de programas/7.0/toolchain/arm/arm-gnu-toolchain/bin/../lib/gcc/arm-none-eabi/6.3.1/../../../../arm-none-eabi/lib/thumb/v7e-m/crt0.o (exit)
d:/arquivos de programas/7.0/toolchain/arm/arm-gnu-toolchain/bin/../lib/gcc/arm-none-eabi/6.3.1/../../../../arm-none-eabi/lib/thumb/v7e-m\libc.a(lib_a-impure.o)
                              d:/arquivos de programas/7.0/toolchain/arm/arm-gnu-toolchain/bin/../lib/gcc/arm-none-eabi/6.3.1/../../../../arm-none-eabi/lib/thumb/v7e-m\libc.a(lib_a-exit.o) (_global_impure_ptr)
d:/arquivos de programas/7.0/toolchain/arm/arm-gnu-toolchain/bin/../lib/gcc/arm-none-eabi/6.3.1/../../../../arm-none-eabi/lib/thumb/v7e-m\libc.a(lib_a-init.o)
                              d:/arquivos de programas/7.0/toolchain/arm/arm-gnu-toolchain/bin/../lib/gcc/arm-none-eabi/6.3.1/../../../../arm-none-eabi/lib/thumb/v7e-m/crt0.o (__libc_init_array)
d:/arquivos de programas/7.0/toolchain/arm/arm-gnu-toolchain/bin/../lib/gcc/arm-none-eabi/6.3.1/../../../../arm-none-eabi/lib/thumb/v7e-m\libc.a(lib_a-iprintf.o)
                              src/main.o (iprintf)
d:/arquivos de programas/7.0/toolchain/arm/arm-gnu-toolchain/bin/../lib/gcc/arm-none-eabi/6.3.1/../../../../arm-none-eabi/lib/thumb/v7e-m\libc.a(lib_a-memset.o)
                              d:/arquivos de programas/7.0/toolchain/arm/arm-gnu-toolchain/bin/../lib/gcc/arm-none-eabi/6.3.1/../../../../arm-none-eabi/lib/thumb/v7e-m/crt0.o (memset)
d:/arquivos de programas/7.0/toolchain/arm/arm-gnu-toolchain/bin/../lib/gcc/arm-none-eabi/6.3.1/../../../../arm-none-eabi/lib/thumb/v7e-m\libc.a(lib_a-puts.o)
                              src/main.o (puts)
d:/arquivos de programas/7.0/toolchain/arm/arm-gnu-toolchain/bin/../lib/gcc/arm-none-eabi/6.3.1/../../../../arm-none-eabi/lib/thumb/v7e-m\libc.a(lib_a-setbuf.o)
                              src/main.o (setbuf)
d:/arquivos de programas/7.0/toolchain/arm/arm-gnu-toolchain/bin/../lib/gcc/arm-none-eabi/6.3.1/../../../../arm-none-eabi/lib/thumb/v7e-m\libc.a(lib_a-setvbuf.o)
                              d:/arquivos de programas/7.0/toolchain/arm/arm-gnu-toolchain/bin/../lib/gcc/arm-none-eabi/6.3.1/../../../../arm-none-eabi/lib/thumb/v7e-m\libc.a(lib_a-setbuf.o) (setvbuf)
d:/arquivos de programas/7.0/toolchain/arm/arm-gnu-toolchain/bin/../lib/gcc/arm-none-eabi/6.3.1/../../../../arm-none-eabi/lib/thumb/v7e-m\libc.a(lib_a-strlen.o)
                              d:/arquivos de programas/7.0/toolchain/arm/arm-gnu-toolchain/bin/../lib/gcc/arm-none-eabi/6.3.1/../../../../arm-none-eabi/lib/thumb/v7e-m\libc.a(lib_a-puts.o) (strlen)
d:/arquivos de programas/7.0/toolchain/arm/arm-gnu-toolchain/bin/../lib/gcc/arm-none-eabi/6.3.1/../../../../arm-none-eabi/lib/thumb/v7e-m\libc.a(lib_a-vfiprintf.o)
                              d:/arquivos de programas/7.0/toolchain/arm/arm-gnu-toolchain/bin/../lib/gcc/arm-none-eabi/6.3.1/../../../../arm-none-eabi/lib/thumb/v7e-m\libc.a(lib_a-iprintf.o) (_vfiprintf_r)
d:/arquivos de programas/7.0/toolchain/arm/arm-gnu-toolchain/bin/../lib/gcc/arm-none-eabi/6.3.1/../../../../arm-none-eabi/lib/thumb/v7e-m\libc.a(lib_a-wsetup.o)
                              d:/arquivos de programas/7.0/toolchain/arm/arm-gnu-toolchain/bin/../lib/gcc/arm-none-eabi/6.3.1/../../../../arm-none-eabi/lib/thumb/v7e-m\libc.a(lib_a-vfiprintf.o) (__swsetup_r)
d:/arquivos de programas/7.0/toolchain/arm/arm-gnu-toolchain/bin/../lib/gcc/arm-none-eabi/6.3.1/../../../../arm-none-eabi/lib/thumb/v7e-m\libc.a(lib_a-__call_atexit.o)
                              d:/arquivos de programas/7.0/toolchain/arm/arm-gnu-toolchain/bin/../lib/gcc/arm-none-eabi/6.3.1/../../../../arm-none-eabi/lib/thumb/v7e-m\libc.a(lib_a-exit.o) (__call_exitprocs)
d:/arquivos de programas/7.0/toolchain/arm/arm-gnu-toolchain/bin/../lib/gcc/arm-none-eabi/6.3.1/../../../../arm-none-eabi/lib/thumb/v7e-m\libc.a(lib_a-atexit.o)
                              d:/arquivos de programas/7.0/toolchain/arm/arm-gnu-toolchain/bin/../lib/gcc/arm-none-eabi/6.3.1/../../../../arm-none-eabi/lib/thumb/v7e-m\libc.a(lib_a-__call_atexit.o) (atexit)
d:/arquivos de programas/7.0/toolchain/arm/arm-gnu-toolchain/bin/../lib/gcc/arm-none-eabi/6.3.1/../../../../arm-none-eabi/lib/thumb/v7e-m\libc.a(lib_a-fflush.o)
                              d:/arquivos de programas/7.0/toolchain/arm/arm-gnu-toolchain/bin/../lib/gcc/arm-none-eabi/6.3.1/../../../../arm-none-eabi/lib/thumb/v7e-m\libc.a(lib_a-setvbuf.o) (_fflush_r)
d:/arquivos de programas/7.0/toolchain/arm/arm-gnu-toolchain/bin/../lib/gcc/arm-none-eabi/6.3.1/../../../../arm-none-eabi/lib/thumb/v7e-m\libc.a(lib_a-findfp.o)
[...]
Memory Configuration

Name             Origin             Length             Attributes
rom              0x00400000         0x00200000         xr
ram              0x20400000         0x00060000         xrw
*default*        0x00000000         0xffffffff

Linker script and memory map

LOAD d:/arquivos de programas/7.0/toolchain/arm/arm-gnu-toolchain/bin/../lib/gcc/arm-none-eabi/6.3.1/thumb/v7e-m/crti.o
LOAD d:/arquivos de programas/7.0/toolchain/arm/arm-gnu-toolchain/bin/../lib/gcc/arm-none-eabi/6.3.1/thumb/v7e-m/crtbegin.o
LOAD d:/arquivos de programas/7.0/toolchain/arm/arm-gnu-toolchain/bin/../lib/gcc/arm-none-eabi/6.3.1/../../../../arm-none-eabi/lib/thumb/v7e-m/crt0.o
LOAD src/main.o
LOAD src/ASF/common/services/delay/sam/cycle_counter.o
LOAD src/ASF/sam/drivers/rtc/rtc.o
LOAD src/ASF/sam/drivers/tc/tc.o
LOAD src/ASF/common/services/clock/same70/sysclk.o
LOAD src/ASF/common/services/serial/usart_serial.o
LOAD src/ASF/common/services/sleepmgr/sam/sleepmgr.o
LOAD src/ASF/common/utils/interrupt/interrupt_sam_nvic.o
LOAD src/ASF/common/utils/stdio/read.o
LOAD src/ASF/common/utils/stdio/write.o
LOAD src/ASF/sam/boards/same70_xplained/init.o
LOAD src/ASF/sam/drivers/afec/afec.o
LOAD src/ASF/sam/drivers/mpu/mpu.o
LOAD src/ASF/sam/drivers/pio/pio.o
LOAD src/ASF/sam/drivers/pio/pio_handler.o
LOAD src/ASF/sam/drivers/pmc/pmc.o
LOAD src/ASF/sam/drivers/pmc/sleep.o
LOAD src/ASF/sam/drivers/uart/uart.o
LOAD src/ASF/sam/drivers/usart/usart.o
LOAD src/ASF/sam/utils/cmsis/same70/source/templates/gcc/startup_same70.o
LOAD src/ASF/sam/utils/cmsis/same70/source/templates/system_same70.o
LOAD src/ASF/sam/utils/syscalls/gcc/syscalls.o
START GROUP
LOAD ../src/ASF/thirdparty/CMSIS/Lib/GCC\libarm_cortexM7lfsp_math_softfp.a
LOAD d:/arquivos de programas/7.0/toolchain/arm/arm-gnu-toolchain/bin/../lib/gcc/arm-none-eabi/6.3.1/../../../../arm-none-eabi/lib/thumb/v7e-m\libm.a
END GROUP
START GROUP
LOAD d:/arquivos de programas/7.0/toolchain/arm/arm-gnu-toolchain/bin/../lib/gcc/arm-none-eabi/6.3.1/thumb/v7e-m\libgcc.a
LOAD d:/arquivos de programas/7.0/toolchain/arm/arm-gnu-toolchain/bin/../lib/gcc/arm-none-eabi/6.3.1/../../../../arm-none-eabi/lib/thumb/v7e-m\libc.a
END GROUP
LOAD d:/arquivos de programas/7.0/toolchain/arm/arm-gnu-toolchain/bin/../lib/gcc/arm-none-eabi/6.3.1/thumb/v7e-m/crtend.o
LOAD d:/arquivos de programas/7.0/toolchain/arm/arm-gnu-toolchain/bin/../lib/gcc/arm-none-eabi/6.3.1/thumb/v7e-m/crtn.o
                0x00002000                STACK_SIZE = DEFINED (STACK_SIZE)?STACK_SIZE:0x2000
                0x2045fffc                __ram_end__ = ((ORIGIN (ram) + LENGTH (ram)) - 0x4)
                0x00000200                HEAP_SIZE = DEFINED (HEAP_SIZE)?HEAP_SIZE:0x200

.text           0x00400000     0x4338
                0x00400000                . = ALIGN (0x4)
                0x00400000                _sfixed = .
 *(.vectors .vectors.*)
 .vectors       0x00400000      0x140 src/ASF/sam/utils/cmsis/same70/source/templates/gcc/startup_same70.o
                0x00400000                exception_table
 *(.text .text.* .gnu.linkonce.t.*)
 .text          0x00400140       0x6c d:/arquivos de programas/7.0/toolchain/arm/arm-gnu-toolchain/bin/../lib/gcc/arm-none-eabi/6.3.1/thumb/v7e-m/crtbegin.o
 .text.AFEC_Temp_callback
                0x004001ac       0x20 src/main.o
 .text.usart_serial_getchar
                0x004001cc       0xdc src/main.o
 .text.usart_serial_putchar
                0x004002a8       0xd4 src/main.o
 .text.main     0x0040037c      0x1bc src/main.o
                0x0040037c                main
 .text.sysclk_init
                0x00400538       0x70 src/ASF/common/services/clock/same70/sysclk.o
                0x00400538                sysclk_init
 .text._read    0x004005a8       0x3c src/ASF/common/utils/stdio/read.o
                0x004005a8                _read
 .text._write   0x004005e4       0x50 src/ASF/common/utils/stdio/write.o
                0x004005e4                _write
 .text.board_init
                0x00400634      0x198 src/ASF/sam/boards/same70_xplained/init.o
                0x00400634                board_init
 .text.afec_process_callback
                0x004007cc       0x88 src/ASF/sam/drivers/afec/afec.o
 .text.afec_ch_set_config
                0x00400854       0x30 src/ASF/sam/drivers/afec/afec.o
                0x00400854                afec_ch_set_config
 .text.afec_temp_sensor_set_config
                0x00400884       0x14 src/ASF/sam/drivers/afec/afec.o
                0x00400884                afec_temp_sensor_set_config
 .text.afec_get_config_defaults
                0x00400898       0x30 src/ASF/sam/drivers/afec/afec.o
                0x00400898                afec_get_config_defaults
 .text.afec_ch_get_config_defaults
                0x004008c8        0xa src/ASF/sam/drivers/afec/afec.o
                0x004008c8                afec_ch_get_config_defaults
 .text.afec_temp_sensor_get_config_defaults
                0x004008d2       0x14 src/ASF/sam/drivers/afec/afec.o
                0x004008d2                afec_temp_sensor_get_config_defaults
 *fill*         0x004008e6        0x2 
 .text.afec_init
                0x004008e8       0xc8 src/ASF/sam/drivers/afec/afec.o
                0x004008e8                afec_init
 .text.afec_enable_interrupt
                0x004009b0       0x38 src/ASF/sam/drivers/afec/afec.o
                0x004009b0                afec_enable_interrupt
 .text.afec_set_callback
                0x004009e8       0x58 src/ASF/sam/drivers/afec/afec.o
                0x004009e8                afec_set_callback
 .text.AFEC0_Handler
                0x00400a40       0x14 src/ASF/sam/drivers/afec/afec.o
                0x00400a40                AFEC0_Handler
 .text.AFEC1_Handler
                0x00400a54       0x14 src/ASF/sam/drivers/afec/afec.o
                0x00400a54                AFEC1_Handler
 .text.afec_enable
                0x00400a68       0x64 src/ASF/sam/drivers/afec/afec.o
                0x00400a68                afec_enable
 .text.pio_get_interrupt_status
                0x00400acc        0x4 src/ASF/sam/drivers/pio/pio.o
                0x00400acc                pio_get_interrupt_status
 .text.pio_get_interrupt_mask
                0x00400ad0        0x4 src/ASF/sam/drivers/pio/pio.o
                0x00400ad0                pio_get_interrupt_mask
 .text.pio_handler_process
                0x00400ad4       0x50 src/ASF/sam/drivers/pio/pio_handler.o
                0x00400ad4                pio_handler_process
 .text.PIOA_Handler
                0x00400b24       0x14 src/ASF/sam/drivers/pio/pio_handler.o
                0x00400b24                PIOA_Handler
 .text.PIOB_Handler
                0x00400b38       0x14 src/ASF/sam/drivers/pio/pio_handler.o
                0x00400b38                PIOB_Handler
 .text.PIOC_Handler
                0x00400b4c       0x14 src/ASF/sam/drivers/pio/pio_handler.o
                0x00400b4c                PIOC_Handler
 .text.PIOD_Handler
                0x00400b60       0x14 src/ASF/sam/drivers/pio/pio_handler.o
                0x00400b60                PIOD_Handler
 .text.PIOE_Handler
                0x00400b74       0x14 src/ASF/sam/drivers/pio/pio_handler.o
                0x00400b74                PIOE_Handler
 .text.pmc_mck_set_division
                0x00400b88       0x38 src/ASF/sam/drivers/pmc/pmc.o
                0x00400b88                pmc_mck_set_division
 .text.pmc_switch_mck_to_pllack
                0x00400bc0       0x64 src/ASF/sam/drivers/pmc/pmc.o
                0x00400bc0                pmc_switch_mck_to_pllack
 .text.pmc_switch_mainck_to_xtal
                0x00400c24       0x54 src/ASF/sam/drivers/pmc/pmc.o
                0x00400c24                pmc_switch_mainck_to_xtal
 .text.pmc_osc_is_ready_mainck
                0x00400c78       0x10 src/ASF/sam/drivers/pmc/pmc.o
                0x00400c78                pmc_osc_is_ready_mainck
 .text.pmc_disable_pllack
                0x00400c88       0x10 src/ASF/sam/drivers/pmc/pmc.o
                0x00400c88                pmc_disable_pllack
 .text.pmc_is_locked_pllack
                0x00400c98       0x10 src/ASF/sam/drivers/pmc/pmc.o
                0x00400c98                pmc_is_locked_pllack
 .text.pmc_enable_periph_clk
                0x00400ca8       0x54 src/ASF/sam/drivers/pmc/pmc.o
                0x00400ca8                pmc_enable_periph_clk
 .text.uart_write
                0x00400cfc       0x12 src/ASF/sam/drivers/uart/uart.o
                0x00400cfc                uart_write
 .text.uart_read
                0x00400d0e       0x14 src/ASF/sam/drivers/uart/uart.o
                0x00400d0e                uart_read
 .text.usart_set_async_baudrate
                0x00400d22       0x5a src/ASF/sam/drivers/usart/usart.o
                0x00400d22                usart_set_async_baudrate
 .text.usart_reset
                0x00400d7c       0x28 src/ASF/sam/drivers/usart/usart.o
                0x00400d7c                usart_reset
 .text.usart_init_rs232
                0x00400da4       0x54 src/ASF/sam/drivers/usart/usart.o
                0x00400da4                usart_init_rs232
 .text.usart_enable_tx
                0x00400df8        0x6 src/ASF/sam/drivers/usart/usart.o
                0x00400df8                usart_enable_tx
 .text.usart_enable_rx
                0x00400dfe        0x6 src/ASF/sam/drivers/usart/usart.o
                0x00400dfe                usart_enable_rx
 .text.usart_write
                0x00400e04       0x16 src/ASF/sam/drivers/usart/usart.o
                0x00400e04                usart_write
 .text.usart_read
                0x00400e1a       0x18 src/ASF/sam/drivers/usart/usart.o
                0x00400e1a                usart_read
 .text.Dummy_Handler
                0x00400e32        0x2 src/ASF/sam/utils/cmsis/same70/source/templates/gcc/startup_same70.o
                0x00400e32                DACC_Handler
                0x00400e32                DebugMon_Handler
                0x00400e32                UART3_Handler
                0x00400e32                UART2_Handler
                0x00400e32                TRNG_Handler
                0x00400e32                HardFault_Handler
                0x00400e32                TC2_Handler
                0x00400e32                SysTick_Handler
                0x00400e32                PendSV_Handler
                0x00400e32                NMI_Handler
                0x00400e32                TC7_Handler
                0x00400e32                QSPI_Handler
                0x00400e32                ISI_Handler
                0x00400e32                TC9_Handler
                0x00400e32                RSWDT_Handler
                0x00400e32                MCAN1_Handler
                0x00400e32                USART0_Handler
                0x00400e32                RTT_Handler
                0x00400e32                USBHS_Handler
                0x00400e32                RTC_Handler
                0x00400e32                UsageFault_Handler
                0x00400e32                TC6_Handler
                0x00400e32                WDT_Handler
                0x00400e32                TC4_Handler
                0x00400e32                TC1_Handler
                0x00400e32                HSMCI_Handler
                0x00400e32                UART1_Handler
                0x00400e32                TC3_Handler
                0x00400e32                Dummy_Handler
                0x00400e32                TWIHS1_Handler
                0x00400e32                XDMAC_Handler
                0x00400e32                UART4_Handler
                0x00400e32                PWM1_Handler
                0x00400e32                USART1_Handler
                0x00400e32                PWM0_Handler
                0x00400e32                SSC_Handler
                0x00400e32                TC11_Handler
                0x00400e32                ACC_Handler
                0x00400e32                PMC_Handler
                0x00400e32                GMAC_Handler
                0x00400e32                MemManage_Handler
                0x00400e32                SUPC_Handler
                0x00400e32                SVC_Handler
                0x00400e32                TC8_Handler
                0x00400e32                EFC_Handler
                0x00400e32                USART2_Handler
                0x00400e32                SDRAMC_Handler
                0x00400e32                SPI1_Handler
                0x00400e32                MCAN0_Handler
                0x00400e32                TC10_Handler
                0x00400e32                TWIHS2_Handler
                0x00400e32                UART0_Handler
                0x00400e32                BusFault_Handler
                0x00400e32                RSTC_Handler
                0x00400e32                TC0_Handler
                0x00400e32                TC5_Handler
                0x00400e32                ICM_Handler
                0x00400e32                AES_Handler
                0x00400e32                TWIHS0_Handler
                0x00400e32                SPI0_Handler
 .text.Reset_Handler
                0x00400e34       0xc8 src/ASF/sam/utils/cmsis/same70/source/templates/gcc/startup_same70.o
                0x00400e34                Reset_Handler
 .text.SystemCoreClockUpdate
                0x00400efc      0x10c src/ASF/sam/utils/cmsis/same70/source/templates/system_same70.o
                0x00400efc                SystemCoreClockUpdate
 .text.system_init_flash
                0x00401008       0x8c src/ASF/sam/utils/cmsis/same70/source/templates/system_same70.o
                0x00401008                system_init_flash
 .text._sbrk    0x00401094       0x38 src/ASF/sam/utils/syscalls/gcc/syscalls.o
                0x00401094                _sbrk
 .text._close   0x004010cc        0x6 src/ASF/sam/utils/syscalls/gcc/syscalls.o
                0x004010cc                _close
 .text._fstat   0x004010d2        0xa src/ASF/sam/utils/syscalls/gcc/syscalls.o
                0x004010d2                _fstat
 .text._isatty  0x004010dc        0x4 src/ASF/sam/utils/syscalls/gcc/syscalls.o
                0x004010dc                _isatty
 .text._lseek   0x004010e0        0x4 src/ASF/sam/utils/syscalls/gcc/syscalls.o
                0x004010e0                _lseek
 .text.__libc_init_array
                0x004010e4       0x50 d:/arquivos de programas/7.0/toolchain/arm/arm-gnu-toolchain/bin/../lib/gcc/arm-none-eabi/6.3.1/../../../../arm-none-eabi/lib/thumb/v7e-m\libc.a(lib_a-init.o)
                0x004010e4                __libc_init_array
 .text.iprintf  0x00401134       0x28 d:/arquivos de programas/7.0/toolchain/arm/arm-gnu-toolchain/bin/../lib/gcc/arm-none-eabi/6.3.1/../../../../arm-none-eabi/lib/thumb/v7e-m\libc.a(lib_a-iprintf.o)
                0x00401134                iprintf
 .text.memset   0x0040115c       0x9c d:/arquivos de programas/7.0/toolchain/arm/arm-gnu-toolchain/bin/../lib/gcc/arm-none-eabi/6.3.1/../../../../arm-none-eabi/lib/thumb/v7e-m\libc.a(lib_a-memset.o)
                0x0040115c                memset
 .text._puts_r  0x004011f8       0x9c d:/arquivos de programas/7.0/toolchain/arm/arm-gnu-toolchain/bin/../lib/gcc/arm-none-eabi/6.3.1/../../../../arm-none-eabi/lib/thumb/v7e-m\libc.a(lib_a-puts.o)
                0x004011f8                _puts_r
 .text.puts     0x00401294       0x10 d:/arquivos de programas/7.0/toolchain/arm/arm-gnu-toolchain/bin/../lib/gcc/arm-none-eabi/6.3.1/../../../../arm-none-eabi/lib/thumb/v7e-m\libc.a(lib_a-puts.o)
                0x00401294                puts
 .text.setbuf   0x004012a4       0x10 d:/arquivos de programas/7.0/toolchain/arm/arm-gnu-toolchain/bin/../lib/gcc/arm-none-eabi/6.3.1/../../../../arm-none-eabi/lib/thumb/v7e-m\libc.a(lib_a-setbuf.o)
                0x004012a4                setbuf
 .text.setvbuf  0x004012b4      0x190 d:/arquivos de programas/7.0/toolchain/arm/arm-gnu-toolchain/bin/../lib/gcc/arm-none-eabi/6.3.1/../../../../arm-none-eabi/lib/thumb/v7e-m\libc.a(lib_a-setvbuf.o)
                0x004012b4                setvbuf
 *fill*         0x00401444       0x3c 
 .text          0x00401480       0xdc d:/arquivos de programas/7.0/toolchain/arm/arm-gnu-toolchain/bin/../lib/gcc/arm-none-eabi/6.3.1/../../../../arm-none-eabi/lib/thumb/v7e-m\libc.a(lib_a-strlen.o)
                0x00401480                strlen
 .text.__sprint_r.part.0
                0x0040155c       0x80 d:/arquivos de programas/7.0/toolchain/arm/arm-gnu-toolchain/bin/../lib/gcc/arm-none-eabi/6.3.1/../../../../arm-none-eabi/lib/thumb/v7e-m\libc.a(lib_a-vfiprintf.o)
 .text._vfiprintf_r
                0x004015dc      0xc90 d:/arquivos de programas/7.0/toolchain/arm/arm-gnu-toolchain/bin/../lib/gcc/arm-none-eabi/6.3.1/../../../../arm-none-eabi/lib/thumb/v7e-m\libc.a(lib_a-vfiprintf.o)
                0x004015dc                _vfiprintf_r
 .text.__sbprintf
                0x0040226c       0x84 d:/arquivos de programas/7.0/toolchain/arm/arm-gnu-toolchain/bin/../lib/gcc/arm-none-eabi/6.3.1/../../../../arm-none-eabi/lib/thumb/v7e-m\libc.a(lib_a-vfiprintf.o)
 .text.__swsetup_r
                0x004022f0       0xc8 d:/arquivos de programas/7.0/toolchain/arm/arm-gnu-toolchain/bin/../lib/gcc/arm-none-eabi/6.3.1/../../../../arm-none-eabi/lib/thumb/v7e-m\libc.a(lib_a-wsetup.o)
                0x004022f0                __swsetup_r
 .text.startup.register_fini
                0x004023b8       0x14 d:/arquivos de programas/7.0/toolchain/arm/arm-gnu-toolchain/bin/../lib/gcc/arm-none-eabi/6.3.1/../../../../arm-none-eabi/lib/thumb/v7e-m\libc.a(lib_a-__call_atexit.o)
 .text.atexit   0x004023cc        0xc d:/arquivos de programas/7.0/toolchain/arm/arm-gnu-toolchain/bin/../lib/gcc/arm-none-eabi/6.3.1/../../../../arm-none-eabi/lib/thumb/v7e-m\libc.a(lib_a-atexit.o)
                0x004023cc                atexit
 .text.__sflush_r
                0x004023d8      0x140 d:/arquivos de programas/7.0/toolchain/arm/arm-gnu-toolchain/bin/../lib/gcc/arm-none-eabi/6.3.1/../../../../arm-none-eabi/lib/thumb/v7e-m\libc.a(lib_a-fflush.o)
                0x004023d8                __sflush_r
 .text._fflush_r
                0x00402518       0x54 d:/arquivos de programas/7.0/toolchain/arm/arm-gnu-toolchain/bin/../lib/gcc/arm-none-eabi/6.3.1/../../../../arm-none-eabi/lib/thumb/v7e-m\libc.a(lib_a-fflush.o)
                0x00402518                _fflush_r
 .text._cleanup_r
                0x0040256c        0xc d:/arquivos de programas/7.0/toolchain/arm/arm-gnu-toolchain/bin/../lib/gcc/arm-none-eabi/6.3.1/../../../../arm-none-eabi/lib/thumb/v7e-m\libc.a(lib_a-findfp.o)
                0x0040256c                _cleanup_r
 .text.std.isra.0
                0x00402578       0x50 d:/arquivos de programas/7.0/toolchain/arm/arm-gnu-toolchain/bin/../lib/gcc/arm-none-eabi/6.3.1/../../../../arm-none-eabi/lib/thumb/v7e-m\libc.a(lib_a-findfp.o)
 .text.__sinit  0x004025c8       0x58 d:/arquivos de programas/7.0/toolchain/arm/arm-gnu-toolchain/bin/../lib/gcc/arm-none-eabi/6.3.1/../../../../arm-none-eabi/lib/thumb/v7e-m\libc.a(lib_a-findfp.o)
                0x004025c8                __sinit
 .text.__sfp_lock_acquire
                0x00402620        0xc d:/arquivos de programas/7.0/toolchain/arm/arm-gnu-toolchain/bin/../lib/gcc/arm-none-eabi/6.3.1/../../../../arm-none-eabi/lib/thumb/v7e-m\libc.a(lib_a-findfp.o)
                0x00402620                __sfp_lock_acquire
 .text.__sfp_lock_release
                0x0040262c        0xc d:/arquivos de programas/7.0/toolchain/arm/arm-gnu-toolchain/bin/../lib/gcc/arm-none-eabi/6.3.1/../../../../arm-none-eabi/lib/thumb/v7e-m\libc.a(lib_a-findfp.o)
                0x0040262c                __sfp_lock_release
 .text.__libc_fini_array
                0x00402638       0x34 d:/arquivos de programas/7.0/toolchain/arm/arm-gnu-toolchain/bin/../lib/gcc/arm-none-eabi/6.3.1/../../../../arm-none-eabi/lib/thumb/v7e-m\libc.a(lib_a-fini.o)
                0x00402638                __libc_fini_array
 .text.__fputwc
                0x0040266c       0xa0 d:/arquivos de programas/7.0/toolchain/arm/arm-gnu-toolchain/bin/../lib/gcc/arm-none-eabi/6.3.1/../../../../arm-none-eabi/lib/thumb/v7e-m\libc.a(lib_a-fputwc.o)
                0x0040266c                __fputwc
 .text._fputwc_r
                0x0040270c       0x68 d:/arquivos de programas/7.0/toolchain/arm/arm-gnu-toolchain/bin/../lib/gcc/arm-none-eabi/6.3.1/../../../../arm-none-eabi/lib/thumb/v7e-m\libc.a(lib_a-fputwc.o)
                0x0040270c                _fputwc_r
 .text._malloc_trim_r
                0x00402774       0xa0 d:/arquivos de programas/7.0/toolchain/arm/arm-gnu-toolchain/bin/../lib/gcc/arm-none-eabi/6.3.1/../../../../arm-none-eabi/lib/thumb/v7e-m\libc.a(lib_a-freer.o)
                0x00402774                _malloc_trim_r
 .text._free_r  0x00402814      0x1cc d:/arquivos de programas/7.0/toolchain/arm/arm-gnu-toolchain/bin/../lib/gcc/arm-none-eabi/6.3.1/../../../../arm-none-eabi/lib/thumb/v7e-m\libc.a(lib_a-freer.o)
                0x00402814                _free_r
 .text.__sfvwrite_r
                0x004029e0      0x2f0 d:/arquivos de programas/7.0/toolchain/arm/arm-gnu-toolchain/bin/../lib/gcc/arm-none-eabi/6.3.1/../../../../arm-none-eabi/lib/thumb/v7e-m\libc.a(lib_a-fvwrite.o)
                0x004029e0                __sfvwrite_r
 .text._fwalk_reent
                0x00402cd0       0x54 d:/arquivos de programas/7.0/toolchain/arm/arm-gnu-toolchain/bin/../lib/gcc/arm-none-eabi/6.3.1/../../../../arm-none-eabi/lib/thumb/v7e-m\libc.a(lib_a-fwalk.o)
                0x00402cd0                _fwalk_reent
 .text.__locale_mb_cur_max
                0x00402d24       0x1c d:/arquivos de programas/7.0/toolchain/arm/arm-gnu-toolchain/bin/../lib/gcc/arm-none-eabi/6.3.1/../../../../arm-none-eabi/lib/thumb/v7e-m\libc.a(lib_a-locale.o)
                0x00402d24                __locale_mb_cur_max
 .text.__retarget_lock_init_recursive
                0x00402d40        0x4 d:/arquivos de programas/7.0/toolchain/arm/arm-gnu-toolchain/bin/../lib/gcc/arm-none-eabi/6.3.1/../../../../arm-none-eabi/lib/thumb/v7e-m\libc.a(lib_a-lock.o)
                0x00402d40                __retarget_lock_init_recursive
 .text.__retarget_lock_close_recursive
                0x00402d44        0x4 d:/arquivos de programas/7.0/toolchain/arm/arm-gnu-toolchain/bin/../lib/gcc/arm-none-eabi/6.3.1/../../../../arm-none-eabi/lib/thumb/v7e-m\libc.a(lib_a-lock.o)
                0x00402d44                __retarget_lock_close_recursive
 .text.__retarget_lock_acquire_recursive
                0x00402d48        0x4 d:/arquivos de programas/7.0/toolchain/arm/arm-gnu-toolchain/bin/../lib/gcc/arm-none-eabi/6.3.1/../../../../arm-none-eabi/lib/thumb/v7e-m\libc.a(lib_a-lock.o)
                0x00402d48                __retarget_lock_acquire_recursive
 .text.__retarget_lock_release_recursive
                0x00402d4c        0x4 d:/arquivos de programas/7.0/toolchain/arm/arm-gnu-toolchain/bin/../lib/gcc/arm-none-eabi/6.3.1/../../../../arm-none-eabi/lib/thumb/v7e-m\libc.a(lib_a-lock.o)
                0x00402d4c                __retarget_lock_release_recursive
 .text.__swhatbuf_r
                0x00402d50       0x5c d:/arquivos de programas/7.0/toolchain/arm/arm-gnu-toolchain/bin/../lib/gcc/arm-none-eabi/6.3.1/../../../../arm-none-eabi/lib/thumb/v7e-m\libc.a(lib_a-makebuf.o)
                0x00402d50                __swhatbuf_r
 .text.__smakebuf_r
                0x00402dac       0x94 d:/arquivos de programas/7.0/toolchain/arm/arm-gnu-toolchain/bin/../lib/gcc/arm-none-eabi/6.3.1/../../../../arm-none-eabi/lib/thumb/v7e-m\libc.a(lib_a-makebuf.o)
                0x00402dac                __smakebuf_r
 .text.malloc   0x00402e40       0x10 d:/arquivos de programas/7.0/toolchain/arm/arm-gnu-toolchain/bin/../lib/gcc/arm-none-eabi/6.3.1/../../../../arm-none-eabi/lib/thumb/v7e-m\libc.a(lib_a-malloc.o)
                0x00402e40                malloc
 .text._malloc_r
                0x00402e50      0x560 d:/arquivos de programas/7.0/toolchain/arm/arm-gnu-toolchain/bin/../lib/gcc/arm-none-eabi/6.3.1/../../../../arm-none-eabi/lib/thumb/v7e-m\libc.a(lib_a-mallocr.o)
                0x00402e50                _malloc_r
 .text.__ascii_mbtowc
                0x004033b0       0x2c d:/arquivos de programas/7.0/toolchain/arm/arm-gnu-toolchain/bin/../lib/gcc/arm-none-eabi/6.3.1/../../../../arm-none-eabi/lib/thumb/v7e-m\libc.a(lib_a-mbtowc_r.o)
                0x004033b0                __ascii_mbtowc
 *fill*         0x004033dc        0x4 
 .text          0x004033e0       0xa0 d:/arquivos de programas/7.0/toolchain/arm/arm-gnu-toolchain/bin/../lib/gcc/arm-none-eabi/6.3.1/../../../../arm-none-eabi/lib/thumb/v7e-m\libc.a(lib_a-memchr.o)
                0x004033e0                memchr
 .text          0x00403480      0x134 d:/arquivos de programas/7.0/toolchain/arm/arm-gnu-toolchain/bin/../lib/gcc/arm-none-eabi/6.3.1/../../../../arm-none-eabi/lib/thumb/v7e-m\libc.a(lib_a-memcpy.o)
                0x00403480                memcpy
 .text.memmove  0x004035b4       0xc8 d:/arquivos de programas/7.0/toolchain/arm/arm-gnu-toolchain/bin/../lib/gcc/arm-none-eabi/6.3.1/../../../../arm-none-eabi/lib/thumb/v7e-m\libc.a(lib_a-memmove.o)
                0x004035b4                memmove
 .text.__malloc_lock
                0x0040367c        0xc d:/arquivos de programas/7.0/toolchain/arm/arm-gnu-toolchain/bin/../lib/gcc/arm-none-eabi/6.3.1/../../../../arm-none-eabi/lib/thumb/v7e-m\libc.a(lib_a-mlock.o)
                0x0040367c                __malloc_lock
 .text.__malloc_unlock
                0x00403688        0xc d:/arquivos de programas/7.0/toolchain/arm/arm-gnu-toolchain/bin/../lib/gcc/arm-none-eabi/6.3.1/../../../../arm-none-eabi/lib/thumb/v7e-m\libc.a(lib_a-mlock.o)
                0x00403688                __malloc_unlock
 .text._realloc_r
                0x00403694      0x34c d:/arquivos de programas/7.0/toolchain/arm/arm-gnu-toolchain/bin/../lib/gcc/arm-none-eabi/6.3.1/../../../../arm-none-eabi/lib/thumb/v7e-m\libc.a(lib_a-reallocr.o)
                0x00403694                _realloc_r
 .text._sbrk_r  0x004039e0       0x24 d:/arquivos de programas/7.0/toolchain/arm/arm-gnu-toolchain/bin/../lib/gcc/arm-none-eabi/6.3.1/../../../../arm-none-eabi/lib/thumb/v7e-m\libc.a(lib_a-sbrkr.o)
                0x004039e0                _sbrk_r
 .text.__sread  0x00403a04       0x24 d:/arquivos de programas/7.0/toolchain/arm/arm-gnu-toolchain/bin/../lib/gcc/arm-none-eabi/6.3.1/../../../../arm-none-eabi/lib/thumb/v7e-m\libc.a(lib_a-stdio.o)
                0x00403a04                __sread
 .text.__swrite
                0x00403a28       0x3c d:/arquivos de programas/7.0/toolchain/arm/arm-gnu-toolchain/bin/../lib/gcc/arm-none-eabi/6.3.1/../../../../arm-none-eabi/lib/thumb/v7e-m\libc.a(lib_a-stdio.o)
                0x00403a28                __swrite
 .text.__sseek  0x00403a64       0x20 d:/arquivos de programas/7.0/toolchain/arm/arm-gnu-toolchain/bin/../lib/gcc/arm-none-eabi/6.3.1/../../../../arm-none-eabi/lib/thumb/v7e-m\libc.a(lib_a-stdio.o)
                0x00403a64                __sseek
 .text.__sclose
                0x00403a84        0x8 d:/arquivos de programas/7.0/toolchain/arm/arm-gnu-toolchain/bin/../lib/gcc/arm-none-eabi/6.3.1/../../../../arm-none-eabi/lib/thumb/v7e-m\libc.a(lib_a-stdio.o)
                0x00403a84                __sclose
 .text.__swbuf_r
                0x00403a8c       0xb0 d:/arquivos de programas/7.0/toolchain/arm/arm-gnu-toolchain/bin/../lib/gcc/arm-none-eabi/6.3.1/../../../../arm-none-eabi/lib/thumb/v7e-m\libc.a(lib_a-wbuf.o)
                0x00403a8c                __swbuf_r
 .text._wcrtomb_r
                0x00403b3c       0x54 d:/arquivos de programas/7.0/toolchain/arm/arm-gnu-toolchain/bin/../lib/gcc/arm-none-eabi/6.3.1/../../../../arm-none-eabi/lib/thumb/v7e-m\libc.a(lib_a-wcrtomb.o)
                0x00403b3c                _wcrtomb_r
 .text.__ascii_wctomb
                0x00403b90       0x1c d:/arquivos de programas/7.0/toolchain/arm/arm-gnu-toolchain/bin/../lib/gcc/arm-none-eabi/6.3.1/../../../../arm-none-eabi/lib/thumb/v7e-m\libc.a(lib_a-wctomb_r.o)
                0x00403b90                __ascii_wctomb
 .text._write_r
                0x00403bac       0x2c d:/arquivos de programas/7.0/toolchain/arm/arm-gnu-toolchain/bin/../lib/gcc/arm-none-eabi/6.3.1/../../../../arm-none-eabi/lib/thumb/v7e-m\libc.a(lib_a-writer.o)
                0x00403bac                _write_r
 .text.__register_exitproc
                0x00403bd8       0xc4 d:/arquivos de programas/7.0/toolchain/arm/arm-gnu-toolchain/bin/../lib/gcc/arm-none-eabi/6.3.1/../../../../arm-none-eabi/lib/thumb/v7e-m\libc.a(lib_a-__atexit.o)
                0x00403bd8                __register_exitproc
 .text._close_r
                0x00403c9c       0x24 d:/arquivos de programas/7.0/toolchain/arm/arm-gnu-toolchain/bin/../lib/gcc/arm-none-eabi/6.3.1/../../../../arm-none-eabi/lib/thumb/v7e-m\libc.a(lib_a-closer.o)
                0x00403c9c                _close_r
 .text._fclose_r
                0x00403cc0       0xc4 d:/arquivos de programas/7.0/toolchain/arm/arm-gnu-toolchain/bin/../lib/gcc/arm-none-eabi/6.3.1/../../../../arm-none-eabi/lib/thumb/v7e-m\libc.a(lib_a-fclose.o)
                0x00403cc0                _fclose_r
 .text._fstat_r
                0x00403d84       0x28 d:/arquivos de programas/7.0/toolchain/arm/arm-gnu-toolchain/bin/../lib/gcc/arm-none-eabi/6.3.1/../../../../arm-none-eabi/lib/thumb/v7e-m\libc.a(lib_a-fstatr.o)
                0x00403d84                _fstat_r
 .text._isatty_r
                0x00403dac       0x24 d:/arquivos de programas/7.0/toolchain/arm/arm-gnu-toolchain/bin/../lib/gcc/arm-none-eabi/6.3.1/../../../../arm-none-eabi/lib/thumb/v7e-m\libc.a(lib_a-isattyr.o)
                0x00403dac                _isatty_r
 .text._lseek_r
                0x00403dd0       0x2c d:/arquivos de programas/7.0/toolchain/arm/arm-gnu-toolchain/bin/../lib/gcc/arm-none-eabi/6.3.1/../../../../arm-none-eabi/lib/thumb/v7e-m\libc.a(lib_a-lseekr.o)
                0x00403dd0                _lseek_r
 .text._read_r  0x00403dfc       0x2c d:/arquivos de programas/7.0/toolchain/arm/arm-gnu-toolchain/bin/../lib/gcc/arm-none-eabi/6.3.1/../../../../arm-none-eabi/lib/thumb/v7e-m\libc.a(lib_a-readr.o)
                0x00403dfc                _read_r
 .text          0x00403e28       0x30 d:/arquivos de programas/7.0/toolchain/arm/arm-gnu-toolchain/bin/../lib/gcc/arm-none-eabi/6.3.1/thumb/v7e-m\libgcc.a(_aeabi_uldivmod.o)
                0x00403e28                __aeabi_uldivmod
 .text          0x00403e58      0x2dc d:/arquivos de programas/7.0/toolchain/arm/arm-gnu-toolchain/bin/../lib/gcc/arm-none-eabi/6.3.1/thumb/v7e-m\libgcc.a(_udivmoddi4.o)
                0x00403e58                __udivmoddi4
 .text          0x00404134        0x4 d:/arquivos de programas/7.0/toolchain/arm/arm-gnu-toolchain/bin/../lib/gcc/arm-none-eabi/6.3.1/thumb/v7e-m\libgcc.a(_dvmd_tls.o)
                0x00404134                __aeabi_idiv0
                0x00404134                __aeabi_ldiv0
 *(.glue_7t)
 .glue_7t       0x00404138        0x0 linker stubs
 *(.glue_7)
 .glue_7        0x00404138        0x0 linker stubs
 *(.rodata .rodata* .gnu.linkonce.r.*)
 .rodata.main.str1.4
                0x00404138       0x6d src/main.o
 *fill*         0x004041a5        0x3 
 .rodata._global_impure_ptr
                0x004041a8        0x4 d:/arquivos de programas/7.0/toolchain/arm/arm-gnu-toolchain/bin/../lib/gcc/arm-none-eabi/6.3.1/../../../../arm-none-eabi/lib/thumb/v7e-m\libc.a(lib_a-impure.o)
                0x004041a8                _global_impure_ptr
 .rodata._puts_r.str1.4
                0x004041ac        0x2 d:/arquivos de programas/7.0/toolchain/arm/arm-gnu-toolchain/bin/../lib/gcc/arm-none-eabi/6.3.1/../../../../arm-none-eabi/lib/thumb/v7e-m\libc.a(lib_a-puts.o)
 *fill*         0x004041ae        0x2 
 .rodata._vfiprintf_r.str1.4
                0x004041b0       0x2f d:/arquivos de programas/7.0/toolchain/arm/arm-gnu-toolchain/bin/../lib/gcc/arm-none-eabi/6.3.1/../../../../arm-none-eabi/lib/thumb/v7e-m\libc.a(lib_a-vfiprintf.o)
 *fill*         0x004041df        0x1 
 .rodata.blanks.7217
                0x004041e0       0x10 d:/arquivos de programas/7.0/toolchain/arm/arm-gnu-toolchain/bin/../lib/gcc/arm-none-eabi/6.3.1/../../../../arm-none-eabi/lib/thumb/v7e-m\libc.a(lib_a-vfiprintf.o)
 .rodata.zeroes.7218
                0x004041f0       0x10 d:/arquivos de programas/7.0/toolchain/arm/arm-gnu-toolchain/bin/../lib/gcc/arm-none-eabi/6.3.1/../../../../arm-none-eabi/lib/thumb/v7e-m\libc.a(lib_a-vfiprintf.o)
 .rodata._setlocale_r.str1.4
                0x00404200        0xa d:/arquivos de programas/7.0/toolchain/arm/arm-gnu-toolchain/bin/../lib/gcc/arm-none-eabi/6.3.1/../../../../arm-none-eabi/lib/thumb/v7e-m\libc.a(lib_a-locale.o)
                                  0xd (size before relaxing)
 *fill*         0x0040420a        0x2 
 .rodata.str1.4
                0x0040420c        0x4 d:/arquivos de programas/7.0/toolchain/arm/arm-gnu-toolchain/bin/../lib/gcc/arm-none-eabi/6.3.1/../../../../arm-none-eabi/lib/thumb/v7e-m\libc.a(lib_a-locale.o)
                                  0x2 (size before relaxing)
 .rodata._ctype_
                0x00404210      0x101 d:/arquivos de programas/7.0/toolchain/arm/arm-gnu-toolchain/bin/../lib/gcc/arm-none-eabi/6.3.1/../../../../arm-none-eabi/lib/thumb/v7e-m\libc.a(lib_a-ctype_.o)
                0x00404210                _ctype_
 *(.ARM.extab* .gnu.linkonce.armextab.*)
                0x00404314                . = ALIGN (0x4)
 *fill*         0x00404311        0x3 
 *(.init)
 .init          0x00404314        0x4 d:/arquivos de programas/7.0/toolchain/arm/arm-gnu-toolchain/bin/../lib/gcc/arm-none-eabi/6.3.1/thumb/v7e-m/crti.o
                0x00404314                _init
 .init          0x00404318        0x8 d:/arquivos de programas/7.0/toolchain/arm/arm-gnu-toolchain/bin/../lib/gcc/arm-none-eabi/6.3.1/thumb/v7e-m/crtn.o
                0x00404320                . = ALIGN (0x4)
                0x00404320                __preinit_array_start = .
 *(.preinit_array)
                0x00404320                __preinit_array_end = .
                0x00404320                . = ALIGN (0x4)
                0x00404320                __init_array_start = .
 *(SORT(.init_array.*))
 .init_array.00000
                0x00404320        0x4 d:/arquivos de programas/7.0/toolchain/arm/arm-gnu-toolchain/bin/../lib/gcc/arm-none-eabi/6.3.1/../../../../arm-none-eabi/lib/thumb/v7e-m\libc.a(lib_a-__call_atexit.o)
 *(.init_array)
 .init_array    0x00404324        0x4 d:/arquivos de programas/7.0/toolchain/arm/arm-gnu-toolchain/bin/../lib/gcc/arm-none-eabi/6.3.1/thumb/v7e-m/crtbegin.o
                0x00404328                __init_array_end = .
                0x00404328                . = ALIGN (0x4)
 *crtbegin.o(.ctors)
 *(EXCLUDE_FILE(*crtend.o) .ctors)
 *(SORT(.ctors.*))
 *crtend.o(.ctors)
                0x00404328                . = ALIGN (0x4)
 *(.fini)
 .fini          0x00404328        0x4 d:/arquivos de programas/7.0/toolchain/arm/arm-gnu-toolchain/bin/../lib/gcc/arm-none-eabi/6.3.1/thumb/v7e-m/crti.o
                0x00404328                _fini
 .fini          0x0040432c        0x8 d:/arquivos de programas/7.0/toolchain/arm/arm-gnu-toolchain/bin/../lib/gcc/arm-none-eabi/6.3.1/thumb/v7e-m/crtn.o
                0x00404334                . = ALIGN (0x4)
                0x00404334                __fini_array_start = .
 *(.fini_array)
 .fini_array    0x00404334        0x4 d:/arquivos de programas/7.0/toolchain/arm/arm-gnu-toolchain/bin/../lib/gcc/arm-none-eabi/6.3.1/thumb/v7e-m/crtbegin.o
 *(SORT(.fini_array.*))
                0x00404338                __fini_array_end = .
 *crtbegin.o(.dtors)
 *(EXCLUDE_FILE(*crtend.o) .dtors)
 *(SORT(.dtors.*))
 *crtend.o(.dtors)
                0x00404338                . = ALIGN (0x4)
                0x00404338                _efixed = .
                [!provide]                PROVIDE (__exidx_start, .)

.vfp11_veneer   0x00404338        0x0
 .vfp11_veneer  0x00404338        0x0 linker stubs

.v4_bx          0x00404338        0x0
 .v4_bx         0x00404338        0x0 linker stubs

.iplt           0x00404338        0x0
 .iplt          0x00404338        0x0 d:/arquivos de programas/7.0/toolchain/arm/arm-gnu-toolchain/bin/../lib/gcc/arm-none-eabi/6.3.1/thumb/v7e-m/crtbegin.o

.ARM.exidx      0x00404338        0x8
 *(.ARM.exidx* .gnu.linkonce.armexidx.*)
 .ARM.exidx     0x00404338        0x8 d:/arquivos de programas/7.0/toolchain/arm/arm-gnu-toolchain/bin/../lib/gcc/arm-none-eabi/6.3.1/thumb/v7e-m\libgcc.a(_udivmoddi4.o)
                [!provide]                PROVIDE (__exidx_end, .)

.eh_frame       0x00404340        0x0
 .eh_frame      0x00404340        0x0 d:/arquivos de programas/7.0/toolchain/arm/arm-gnu-toolchain/bin/../lib/gcc/arm-none-eabi/6.3.1/thumb/v7e-m/crtbegin.o

.rel.dyn        0x00404340        0x0
 .rel.iplt      0x00404340        0x0 d:/arquivos de programas/7.0/toolchain/arm/arm-gnu-toolchain/bin/../lib/gcc/arm-none-eabi/6.3.1/thumb/v7e-m/crtbegin.o

.jcr            0x00404340        0x0
 .jcr           0x00404340        0x0 d:/arquivos de programas/7.0/toolchain/arm/arm-gnu-toolchain/bin/../lib/gcc/arm-none-eabi/6.3.1/thumb/v7e-m/crtbegin.o

.igot.plt       0x00404340        0x0
 .igot.plt      0x00404340        0x0 d:/arquivos de programas/7.0/toolchain/arm/arm-gnu-toolchain/bin/../lib/gcc/arm-none-eabi/6.3.1/thumb/v7e-m/crtbegin.o
                0x00404340                . = ALIGN (0x4)
                0x00404340                _etext = .

.relocate       0x20400000      0x9b8 load address 0x00404340
                0x20400000                . = ALIGN (0x4)
                0x20400000                _srelocate = .
 *(.ramfunc .ramfunc.*)
 *(.data .data.*)
 .data.g_interrupt_enabled
                0x20400000        0x1 src/ASF/common/utils/interrupt/interrupt_sam_nvic.o
                0x20400000                g_interrupt_enabled
 *fill*         0x20400001        0x3 
 .data.SystemCoreClock
                0x20400004        0x4 src/ASF/sam/utils/cmsis/same70/source/templates/system_same70.o
                0x20400004                SystemCoreClock
 .data._impure_ptr
                0x20400008        0x4 d:/arquivos de programas/7.0/toolchain/arm/arm-gnu-toolchain/bin/../lib/gcc/arm-none-eabi/6.3.1/../../../../arm-none-eabi/lib/thumb/v7e-m\libc.a(lib_a-impure.o)
                0x20400008                _impure_ptr
 *fill*         0x2040000c        0x4 
 .data.impure_data
                0x20400010      0x428 d:/arquivos de programas/7.0/toolchain/arm/arm-gnu-toolchain/bin/../lib/gcc/arm-none-eabi/6.3.1/../../../../arm-none-eabi/lib/thumb/v7e-m\libc.a(lib_a-impure.o)
 .data.__atexit_recursive_mutex
                0x20400438        0x4 d:/arquivos de programas/7.0/toolchain/arm/arm-gnu-toolchain/bin/../lib/gcc/arm-none-eabi/6.3.1/../../../../arm-none-eabi/lib/thumb/v7e-m\libc.a(lib_a-__call_atexit.o)
                0x20400438                __atexit_recursive_mutex
 .data.__global_locale
                0x2040043c      0x16c d:/arquivos de programas/7.0/toolchain/arm/arm-gnu-toolchain/bin/../lib/gcc/arm-none-eabi/6.3.1/../../../../arm-none-eabi/lib/thumb/v7e-m\libc.a(lib_a-locale.o)
                0x2040043c                __global_locale
 .data.__malloc_av_
                0x204005a8      0x408 d:/arquivos de programas/7.0/toolchain/arm/arm-gnu-toolchain/bin/../lib/gcc/arm-none-eabi/6.3.1/../../../../arm-none-eabi/lib/thumb/v7e-m\libc.a(lib_a-mallocr.o)
                0x204005a8                __malloc_av_
 .data.__malloc_sbrk_base
                0x204009b0        0x4 d:/arquivos de programas/7.0/toolchain/arm/arm-gnu-toolchain/bin/../lib/gcc/arm-none-eabi/6.3.1/../../../../arm-none-eabi/lib/thumb/v7e-m\libc.a(lib_a-mallocr.o)
                0x204009b0                __malloc_sbrk_base
 .data.__malloc_trim_threshold
                0x204009b4        0x4 d:/arquivos de programas/7.0/toolchain/arm/arm-gnu-toolchain/bin/../lib/gcc/arm-none-eabi/6.3.1/../../../../arm-none-eabi/lib/thumb/v7e-m\libc.a(lib_a-mallocr.o)
                0x204009b4                __malloc_trim_threshold
                0x204009b8                . = ALIGN (0x4)
                0x204009b8                _erelocate = .

.bss            0x204009b8      0x18c load address 0x00404cf8
                0x204009b8                . = ALIGN (0x4)
                0x204009b8                _sbss = .
                0x204009b8                _szero = .
 *(.bss .bss.*)
 .bss           0x204009b8       0x1c d:/arquivos de programas/7.0/toolchain/arm/arm-gnu-toolchain/bin/../lib/gcc/arm-none-eabi/6.3.1/thumb/v7e-m/crtbegin.o
 .bss.g_is_conversion_done
                0x204009d4        0x1 src/main.o
                0x204009d4                g_is_conversion_done
 *fill*         0x204009d5        0x3 
 .bss.g_ul_value
                0x204009d8        0x4 src/main.o
                0x204009d8                g_ul_value
 .bss.gs_interrupt_sources
                0x204009dc       0x70 src/ASF/sam/drivers/pio/pio_handler.o
 .bss.ul_reg_val.9325
                0x20400a4c        0x4 src/ASF/sam/drivers/usart/usart.o
 .bss.heap.6420
                0x20400a50        0x4 src/ASF/sam/utils/syscalls/gcc/syscalls.o
 .bss.__malloc_current_mallinfo
                0x20400a54       0x28 d:/arquivos de programas/7.0/toolchain/arm/arm-gnu-toolchain/bin/../lib/gcc/arm-none-eabi/6.3.1/../../../../arm-none-eabi/lib/thumb/v7e-m\libc.a(lib_a-mallocr.o)
                0x20400a54                __malloc_current_mallinfo
 .bss.__malloc_max_sbrked_mem
                0x20400a7c        0x4 d:/arquivos de programas/7.0/toolchain/arm/arm-gnu-toolchain/bin/../lib/gcc/arm-none-eabi/6.3.1/../../../../arm-none-eabi/lib/thumb/v7e-m\libc.a(lib_a-mallocr.o)
                0x20400a7c                __malloc_max_sbrked_mem
 .bss.__malloc_max_total_mem
                0x20400a80        0x4 d:/arquivos de programas/7.0/toolchain/arm/arm-gnu-toolchain/bin/../lib/gcc/arm-none-eabi/6.3.1/../../../../arm-none-eabi/lib/thumb/v7e-m\libc.a(lib_a-mallocr.o)
                0x20400a80                __malloc_max_total_mem
 .bss.__malloc_top_pad
                0x20400a84        0x4 d:/arquivos de programas/7.0/toolchain/arm/arm-gnu-toolchain/bin/../lib/gcc/arm-none-eabi/6.3.1/../../../../arm-none-eabi/lib/thumb/v7e-m\libc.a(lib_a-mallocr.o)
                0x20400a84                __malloc_top_pad
 *(COMMON)
 COMMON         0x20400a88        0x6 src/ASF/common/services/sleepmgr/sam/sleepmgr.o
                0x20400a88                sleepmgr_locks
 *fill*         0x20400a8e        0x2 
 COMMON         0x20400a90        0x4 src/ASF/common/utils/stdio/read.o
                0x20400a90                ptr_get
 COMMON         0x20400a94        0x8 src/ASF/common/utils/stdio/write.o
                0x20400a94                ptr_put
                0x20400a98                stdio_base
 COMMON         0x20400a9c       0x80 src/ASF/sam/drivers/afec/afec.o
                0x20400a9c                afec_callback_pointer
 COMMON         0x20400b1c       0x21 d:/arquivos de programas/7.0/toolchain/arm/arm-gnu-toolchain/bin/../lib/gcc/arm-none-eabi/6.3.1/../../../../arm-none-eabi/lib/thumb/v7e-m\libc.a(lib_a-lock.o)
                0x20400b1c                __lock___atexit_recursive_mutex
                0x20400b20                __lock___arc4random_mutex
                0x20400b24                __lock___env_recursive_mutex
                0x20400b28                __lock___sinit_recursive_mutex
                0x20400b2c                __lock___malloc_recursive_mutex
                0x20400b30                __lock___at_quick_exit_mutex
                0x20400b34                __lock___dd_hash_mutex
                0x20400b38                __lock___tz_mutex
                0x20400b3c                __lock___sfp_recursive_mutex
 *fill*         0x20400b3d        0x3 
 COMMON         0x20400b40        0x4 d:/arquivos de programas/7.0/toolchain/arm/arm-gnu-toolchain/bin/../lib/gcc/arm-none-eabi/6.3.1/../../../../arm-none-eabi/lib/thumb/v7e-m\libc.a(lib_a-reent.o)
                0x20400b40                errno
                0x20400b44                . = ALIGN (0x4)
                0x20400b44                _ebss = .
                0x20400b44                _ezero = .

.stack          0x20400b44     0x2004 load address 0x00404e84
                0x20400b48                . = ALIGN (0x8)
 *fill*         0x20400b44        0x4 
                0x20400b48                _sstack = .
                0x20402b48                . = (. + STACK_SIZE)
 *fill*         0x20400b48     0x2000 
                0x20402b48                . = ALIGN (0x8)
                0x20402b48                _estack = .

.heap           0x20402b48      0x200 load address 0x00406e88
                0x20402b48                . = ALIGN (0x8)
                0x20402b48                _sheap = .
                0x20402d48                . = (. + HEAP_SIZE)
 *fill*         0x20402b48      0x200 
                0x20402d48                . = ALIGN (0x8)
                0x20402d48                _eheap = .
                0x20402d48                . = ALIGN (0x4)
                0x20402d48                _end = .
                0x2045ffff                _ram_end_ = ((ORIGIN (ram) + LENGTH (ram)) - 0x1)
OUTPUT(ADC.elf elf32-littlearm)

.ARM.attributes
                0x00000000       0x2e
 .ARM.attributes
                0x00000000       0x1e d:/arquivos de programas/7.0/toolchain/arm/arm-gnu-toolchain/bin/../lib/gcc/arm-none-eabi/6.3.1/thumb/v7e-m/crti.o
 .ARM.attributes
                0x0000001e       0x2e d:/arquivos de programas/7.0/toolchain/arm/arm-gnu-toolchain/bin/../lib/gcc/arm-none-eabi/6.3.1/thumb/v7e-m/crtbegin.o
 .ARM.attributes
                0x0000004c       0x37 src/main.o
 .ARM.attributes
                0x00000083       0x37 src/ASF/common/services/clock/same70/sysclk.o
 .ARM.attributes
                0x000000ba       0x37 src/ASF/common/services/sleepmgr/sam/sleepmgr.o
 .ARM.attributes
                0x000000f1       0x37 src/ASF/common/utils/interrupt/interrupt_sam_nvic.o
 .ARM.attributes
                0x00000128       0x37 src/ASF/common/utils/stdio/read.o
 .ARM.attributes
                0x0000015f       0x37 src/ASF/common/utils/stdio/write.o
 .ARM.attributes
                0x00000196       0x37 src/ASF/sam/boards/same70_xplained/init.o
 .ARM.attributes
                0x000001cd       0x37 src/ASF/sam/drivers/afec/afec.o
 .ARM.attributes
                0x00000204       0x37 src/ASF/sam/drivers/pio/pio.o
 .ARM.attributes
                0x0000023b       0x37 src/ASF/sam/drivers/pio/pio_handler.o
 .ARM.attributes
                0x00000272       0x37 src/ASF/sam/drivers/pmc/pmc.o
 .ARM.attributes
                0x000002a9       0x37 src/ASF/sam/drivers/uart/uart.o
 .ARM.attributes
                0x000002e0       0x37 src/ASF/sam/drivers/usart/usart.o
 .ARM.attributes
                0x00000317       0x37 src/ASF/sam/utils/cmsis/same70/source/templates/gcc/startup_same70.o
 .ARM.attributes
                0x0000034e       0x37 src/ASF/sam/utils/cmsis/same70/source/templates/system_same70.o
 .ARM.attributes
                0x00000385       0x37 src/ASF/sam/utils/syscalls/gcc/syscalls.o
 .ARM.attributes
                0x000003bc       0x2e d:/arquivos de programas/7.0/toolchain/arm/arm-gnu-toolchain/bin/../lib/gcc/arm-none-eabi/6.3.1/../../../../arm-none-eabi/lib/thumb/v7e-m\libc.a(lib_a-impure.o)
 .ARM.attributes
                0x000003ea       0x2e d:/arquivos de programas/7.0/toolchain/arm/arm-gnu-toolchain/bin/../lib/gcc/arm-none-eabi/6.3.1/../../../../arm-none-eabi/lib/thumb/v7e-m\libc.a(lib_a-init.o)
 .ARM.attributes
                0x00000418       0x2e d:/arquivos de programas/7.0/toolchain/arm/arm-gnu-toolchain/bin/../lib/gcc/arm-none-eabi/6.3.1/../../../../arm-none-eabi/lib/thumb/v7e-m\libc.a(lib_a-iprintf.o)
 .ARM.attributes
                0x00000446       0x2e d:/arquivos de programas/7.0/toolchain/arm/arm-gnu-toolchain/bin/../lib/gcc/arm-none-eabi/6.3.1/../../../../arm-none-eabi/lib/thumb/v7e-m\libc.a(lib_a-memset.o)
 .ARM.attributes
                0x00000474       0x2e d:/arquivos de programas/7.0/toolchain/arm/arm-gnu-toolchain/bin/../lib/gcc/arm-none-eabi/6.3.1/../../../../arm-none-eabi/lib/thumb/v7e-m\libc.a(lib_a-puts.o)
 .ARM.attributes
                0x000004a2       0x2e d:/arquivos de programas/7.0/toolchain/arm/arm-gnu-toolchain/bin/../lib/gcc/arm-none-eabi/6.3.1/../../../../arm-none-eabi/lib/thumb/v7e-m\libc.a(lib_a-setbuf.o)
 .ARM.attributes
                0x000004d0       0x2e d:/arquivos de programas/7.0/toolchain/arm/arm-gnu-toolchain/bin/../lib/gcc/arm-none-eabi/6.3.1/../../../../arm-none-eabi/lib/thumb/v7e-m\libc.a(lib_a-setvbuf.o)
 .ARM.attributes
                0x000004fe       0x1c d:/arquivos de programas/7.0/toolchain/arm/arm-gnu-toolchain/bin/../lib/gcc/arm-none-eabi/6.3.1/../../../../arm-none-eabi/lib/thumb/v7e-m\libc.a(lib_a-strlen.o)
 .ARM.attributes
                0x0000051a       0x2e d:/arquivos de programas/7.0/toolchain/arm/arm-gnu-toolchain/bin/../lib/gcc/arm-none-eabi/6.3.1/../../../../arm-none-eabi/lib/thumb/v7e-m\libc.a(lib_a-vfiprintf.o)
 .ARM.attributes
                0x00000548       0x2e d:/arquivos de programas/7.0/toolchain/arm/arm-gnu-toolchain/bin/../lib/gcc/arm-none-eabi/6.3.1/../../../../arm-none-eabi/lib/thumb/v7e-m\libc.a(lib_a-wsetup.o)
 .ARM.attributes
                0x00000576       0x2e d:/arquivos de programas/7.0/toolchain/arm/arm-gnu-toolchain/bin/../lib/gcc/arm-none-eabi/6.3.1/../../../../arm-none-eabi/lib/thumb/v7e-m\libc.a(lib_a-__call_atexit.o)
 .ARM.attributes
                0x000005a4       0x2e d:/arquivos de programas/7.0/toolchain/arm/arm-gnu-toolchain/bin/../lib/gcc/arm-none-eabi/6.3.1/../../../../arm-none-eabi/lib/thumb/v7e-m\libc.a(lib_a-atexit.o)
 .ARM.attributes
                0x000005d2       0x2e d:/arquivos de programas/7.0/toolchain/arm/arm-gnu-toolchain/bin/../lib/gcc/arm-none-eabi/6.3.1/../../../../arm-none-eabi/lib/thumb/v7e-m\libc.a(lib_a-fflush.o)
 .ARM.attributes
                0x00000600       0x2e d:/arquivos de programas/7.0/toolchain/arm/arm-gnu-toolchain/bin/../lib/gcc/arm-none-eabi/6.3.1/../../../../arm-none-eabi/lib/thumb/v7e-m\libc.a(lib_a-findfp.o)
 .ARM.attributes
                0x0000062e       0x2e d:/arquivos de programas/7.0/toolchain/arm/arm-gnu-toolchain/bin/../lib/gcc/arm-none-eabi/6.3.1/../../../../arm-none-eabi/lib/thumb/v7e-m\libc.a(lib_a-fini.o)
 .ARM.attributes
                0x0000065c       0x2e d:/arquivos de programas/7.0/toolchain/arm/arm-gnu-toolchain/bin/../lib/gcc/arm-none-eabi/6.3.1/../../../../arm-none-eabi/lib/thumb/v7e-m\libc.a(lib_a-fputwc.o)
 .ARM.attributes
                0x0000068a       0x2e d:/arquivos de programas/7.0/toolchain/arm/arm-gnu-toolchain/bin/../lib/gcc/arm-none-eabi/6.3.1/../../../../arm-none-eabi/lib/thumb/v7e-m\libc.a(lib_a-freer.o)
 .ARM.attributes
                0x000006b8       0x2e d:/arquivos de programas/7.0/toolchain/arm/arm-gnu-toolchain/bin/../lib/gcc/arm-none-eabi/6.3.1/../../../../arm-none-eabi/lib/thumb/v7e-m\libc.a(lib_a-fvwrite.o)
 .ARM.attributes
                0x000006e6       0x2e d:/arquivos de programas/7.0/toolchain/arm/arm-gnu-toolchain/bin/../lib/gcc/arm-none-eabi/6.3.1/../../../../arm-none-eabi/lib/thumb/v7e-m\libc.a(lib_a-fwalk.o)
 .ARM.attributes
                0x00000714       0x2e d:/arquivos de programas/7.0/toolchain/arm/arm-gnu-toolchain/bin/../lib/gcc/arm-none-eabi/6.3.1/../../../../arm-none-eabi/lib/thumb/v7e-m\libc.a(lib_a-locale.o)
 .ARM.attributes
                0x00000742       0x2e d:/arquivos de programas/7.0/toolchain/arm/arm-gnu-toolchain/bin/../lib/gcc/arm-none-eabi/6.3.1/../../../../arm-none-eabi/lib/thumb/v7e-m\libc.a(lib_a-lock.o)
 .ARM.attributes
                0x00000770       0x2e d:/arquivos de programas/7.0/toolchain/arm/arm-gnu-toolchain/bin/../lib/gcc/arm-none-eabi/6.3.1/../../../../arm-none-eabi/lib/thumb/v7e-m\libc.a(lib_a-makebuf.o)
 .ARM.attributes
                0x0000079e       0x2e d:/arquivos de programas/7.0/toolchain/arm/arm-gnu-toolchain/bin/../lib/gcc/arm-none-eabi/6.3.1/../../../../arm-none-eabi/lib/thumb/v7e-m\libc.a(lib_a-malloc.o)
 .ARM.attributes
                0x000007cc       0x2e d:/arquivos de programas/7.0/toolchain/arm/arm-gnu-toolchain/bin/../lib/gcc/arm-none-eabi/6.3.1/../../../../arm-none-eabi/lib/thumb/v7e-m\libc.a(lib_a-mallocr.o)
 .ARM.attributes
                0x000007fa       0x2e d:/arquivos de programas/7.0/toolchain/arm/arm-gnu-toolchain/bin/../lib/gcc/arm-none-eabi/6.3.1/../../../../arm-none-eabi/lib/thumb/v7e-m\libc.a(lib_a-mbtowc_r.o)
 .ARM.attributes
                0x00000828       0x1c d:/arquivos de programas/7.0/toolchain/arm/arm-gnu-toolchain/bin/../lib/gcc/arm-none-eabi/6.3.1/../../../../arm-none-eabi/lib/thumb/v7e-m\libc.a(lib_a-memchr.o)
 .ARM.attributes
                0x00000844       0x1c d:/arquivos de programas/7.0/toolchain/arm/arm-gnu-toolchain/bin/../lib/gcc/arm-none-eabi/6.3.1/../../../../arm-none-eabi/lib/thumb/v7e-m\libc.a(lib_a-memcpy.o)
 .ARM.attributes
                0x00000860       0x2e d:/arquivos de programas/7.0/toolchain/arm/arm-gnu-toolchain/bin/../lib/gcc/arm-none-eabi/6.3.1/../../../../arm-none-eabi/lib/thumb/v7e-m\libc.a(lib_a-memmove.o)
 .ARM.attributes
                0x0000088e       0x2e d:/arquivos de programas/7.0/toolchain/arm/arm-gnu-toolchain/bin/../lib/gcc/arm-none-eabi/6.3.1/../../../../arm-none-eabi/lib/thumb/v7e-m\libc.a(lib_a-mlock.o)
 .ARM.attributes
                0x000008bc       0x2e d:/arquivos de programas/7.0/toolchain/arm/arm-gnu-toolchain/bin/../lib/gcc/arm-none-eabi/6.3.1/../../../../arm-none-eabi/lib/thumb/v7e-m\libc.a(lib_a-reallocr.o)
 .ARM.attributes
                0x000008ea       0x2e d:/arquivos de programas/7.0/toolchain/arm/arm-gnu-toolchain/bin/../lib/gcc/arm-none-eabi/6.3.1/../../../../arm-none-eabi/lib/thumb/v7e-m\libc.a(lib_a-sbrkr.o)
 .ARM.attributes
                0x00000918       0x2e d:/arquivos de programas/7.0/toolchain/arm/arm-gnu-toolchain/bin/../lib/gcc/arm-none-eabi/6.3.1/../../../../arm-none-eabi/lib/thumb/v7e-m\libc.a(lib_a-stdio.o)
 .ARM.attributes
                0x00000946       0x2e d:/arquivos de programas/7.0/toolchain/arm/arm-gnu-toolchain/bin/../lib/gcc/arm-none-eabi/6.3.1/../../../../arm-none-eabi/lib/thumb/v7e-m\libc.a(lib_a-wbuf.o)
 .ARM.attributes
                0x00000974       0x2e d:/arquivos de programas/7.0/toolchain/arm/arm-gnu-toolchain/bin/../lib/gcc/arm-none-eabi/6.3.1/../../../../arm-none-eabi/lib/thumb/v7e-m\libc.a(lib_a-wcrtomb.o)
 .ARM.attributes
                0x000009a2       0x2e d:/arquivos de programas/7.0/toolchain/arm/arm-gnu-toolchain/bin/../lib/gcc/arm-none-eabi/6.3.1/../../../../arm-none-eabi/lib/thumb/v7e-m\libc.a(lib_a-wctomb_r.o)
 .ARM.attributes
                0x000009d0       0x2e d:/arquivos de programas/7.0/toolchain/arm/arm-gnu-toolchain/bin/../lib/gcc/arm-none-eabi/6.3.1/../../../../arm-none-eabi/lib/thumb/v7e-m\libc.a(lib_a-writer.o)
 .ARM.attributes
                0x000009fe       0x2e d:/arquivos de programas/7.0/toolchain/arm/arm-gnu-toolchain/bin/../lib/gcc/arm-none-eabi/6.3.1/../../../../arm-none-eabi/lib/thumb/v7e-m\libc.a(lib_a-__atexit.o)
 .ARM.attributes
                0x00000a2c       0x2e d:/arquivos de programas/7.0/toolchain/arm/arm-gnu-toolchain/bin/../lib/gcc/arm-none-eabi/6.3.1/../../../../arm-none-eabi/lib/thumb/v7e-m\libc.a(lib_a-closer.o)
 .ARM.attributes
                0x00000a5a       0x2e d:/arquivos de programas/7.0/toolchain/arm/arm-gnu-toolchain/bin/../lib/gcc/arm-none-eabi/6.3.1/../../../../arm-none-eabi/lib/thumb/v7e-m\libc.a(lib_a-ctype_.o)
 .ARM.attributes
                0x00000a88       0x2e d:/arquivos de programas/7.0/toolchain/arm/arm-gnu-toolchain/bin/../lib/gcc/arm-none-eabi/6.3.1/../../../../arm-none-eabi/lib/thumb/v7e-m\libc.a(lib_a-fclose.o)
 .ARM.attributes
                0x00000ab6       0x2e d:/arquivos de programas/7.0/toolchain/arm/arm-gnu-toolchain/bin/../lib/gcc/arm-none-eabi/6.3.1/../../../../arm-none-eabi/lib/thumb/v7e-m\libc.a(lib_a-fstatr.o)
 .ARM.attributes
                0x00000ae4       0x2e d:/arquivos de programas/7.0/toolchain/arm/arm-gnu-toolchain/bin/../lib/gcc/arm-none-eabi/6.3.1/../../../../arm-none-eabi/lib/thumb/v7e-m\libc.a(lib_a-isattyr.o)
 .ARM.attributes
                0x00000b12       0x2e d:/arquivos de programas/7.0/toolchain/arm/arm-gnu-toolchain/bin/../lib/gcc/arm-none-eabi/6.3.1/../../../../arm-none-eabi/lib/thumb/v7e-m\libc.a(lib_a-lseekr.o)
 .ARM.attributes
                0x00000b40       0x2e d:/arquivos de programas/7.0/toolchain/arm/arm-gnu-toolchain/bin/../lib/gcc/arm-none-eabi/6.3.1/../../../../arm-none-eabi/lib/thumb/v7e-m\libc.a(lib_a-readr.o)
 .ARM.attributes
                0x00000b6e       0x2e d:/arquivos de programas/7.0/toolchain/arm/arm-gnu-toolchain/bin/../lib/gcc/arm-none-eabi/6.3.1/../../../../arm-none-eabi/lib/thumb/v7e-m\libc.a(lib_a-reent.o)
 .ARM.attributes
                0x00000b9c       0x1e d:/arquivos de programas/7.0/toolchain/arm/arm-gnu-toolchain/bin/../lib/gcc/arm-none-eabi/6.3.1/thumb/v7e-m\libgcc.a(_aeabi_uldivmod.o)
 .ARM.attributes
                0x00000bba       0x2e d:/arquivos de programas/7.0/toolchain/arm/arm-gnu-toolchain/bin/../lib/gcc/arm-none-eabi/6.3.1/thumb/v7e-m\libgcc.a(_udivmoddi4.o)
 .ARM.attributes
                0x00000be8       0x1e d:/arquivos de programas/7.0/toolchain/arm/arm-gnu-toolchain/bin/../lib/gcc/arm-none-eabi/6.3.1/thumb/v7e-m\libgcc.a(_dvmd_tls.o)
 .ARM.attributes
                0x00000c06       0x1e d:/arquivos de programas/7.0/toolchain/arm/arm-gnu-toolchain/bin/../lib/gcc/arm-none-eabi/6.3.1/thumb/v7e-m/crtn.o

.comment        0x00000000       0x59
 .comment       0x00000000       0x59 src/main.o
                                 0x5a (size before relaxing)
 .comment       0x00000059       0x5a src/ASF/common/services/clock/same70/sysclk.o
 .comment       0x00000059       0x5a src/ASF/common/services/sleepmgr/sam/sleepmgr.o
 .comment       0x00000059       0x5a src/ASF/common/utils/interrupt/interrupt_sam_nvic.o
 .comment       0x00000059       0x5a src/ASF/common/utils/stdio/read.o
 .comment       0x00000059       0x5a src/ASF/common/utils/stdio/write.o
 .comment       0x00000059       0x5a src/ASF/sam/boards/same70_xplained/init.o
 .comment       0x00000059       0x5a src/ASF/sam/drivers/afec/afec.o
 .comment       0x00000059       0x5a src/ASF/sam/drivers/pio/pio.o
 .comment       0x00000059       0x5a src/ASF/sam/drivers/pio/pio_handler.o
 .comment       0x00000059       0x5a src/ASF/sam/drivers/pmc/pmc.o
 .comment       0x00000059       0x5a src/ASF/sam/drivers/uart/uart.o
 .comment       0x00000059       0x5a src/ASF/sam/drivers/usart/usart.o
 .comment       0x00000059       0x5a src/ASF/sam/utils/cmsis/same70/source/templates/gcc/startup_same70.o
 .comment       0x00000059       0x5a src/ASF/sam/utils/cmsis/same70/source/templates/system_same70.o
 .comment       0x00000059       0x5a src/ASF/sam/utils/syscalls/gcc/syscalls.o

.debug_info     0x00000000    0x15785
 .debug_info    0x00000000     0x1f33 src/main.o
 .debug_info    0x00001f33     0x1267 src/ASF/common/services/clock/same70/sysclk.o
 .debug_info    0x0000319a      0xa8e src/ASF/common/services/sleepmgr/sam/sleepmgr.o
 .debug_info    0x00003c28      0xb01 src/ASF/common/utils/interrupt/interrupt_sam_nvic.o
 .debug_info    0x00004729      0xac9 src/ASF/common/utils/stdio/read.o
 .debug_info    0x000051f2      0xac6 src/ASF/common/utils/stdio/write.o
 .debug_info    0x00005cb8     0x201f src/ASF/sam/boards/same70_xplained/init.o
 .debug_info    0x00007cd7     0x245a src/ASF/sam/drivers/afec/afec.o
 .debug_info    0x0000a131     0x2150 src/ASF/sam/drivers/pio/pio.o
 .debug_info    0x0000c281     0x1b22 src/ASF/sam/drivers/pio/pio_handler.o
 .debug_info    0x0000dda3     0x1e0e src/ASF/sam/drivers/pmc/pmc.o
 .debug_info    0x0000fbb1     0x103b src/ASF/sam/drivers/uart/uart.o
 .debug_info    0x00010bec     0x2324 src/ASF/sam/drivers/usart/usart.o
 .debug_info    0x00012f10     0x156a src/ASF/sam/utils/cmsis/same70/source/templates/gcc/startup_same70.o
 .debug_info    0x0001447a      0x55b src/ASF/sam/utils/cmsis/same70/source/templates/system_same70.o
 .debug_info    0x000149d5      0xdb0 src/ASF/sam/utils/syscalls/gcc/syscalls.o

.debug_abbrev   0x00000000     0x2e30
 .debug_abbrev  0x00000000      0x40a src/main.o
 .debug_abbrev  0x0000040a      0x31f src/ASF/common/services/clock/same70/sysclk.o
 .debug_abbrev  0x00000729      0x1b2 src/ASF/common/services/sleepmgr/sam/sleepmgr.o
 .debug_abbrev  0x000008db      0x212 src/ASF/common/utils/interrupt/interrupt_sam_nvic.o
 .debug_abbrev  0x00000aed      0x1fe src/ASF/common/utils/stdio/read.o
 .debug_abbrev  0x00000ceb      0x1e9 src/ASF/common/utils/stdio/write.o
 .debug_abbrev  0x00000ed4      0x368 src/ASF/sam/boards/same70_xplained/init.o
 .debug_abbrev  0x0000123c      0x4d7 src/ASF/sam/drivers/afec/afec.o
 .debug_abbrev  0x00001713      0x410 src/ASF/sam/drivers/pio/pio.o
 .debug_abbrev  0x00001b23      0x32f src/ASF/sam/drivers/pio/pio_handler.o
 .debug_abbrev  0x00001e52      0x369 src/ASF/sam/drivers/pmc/pmc.o
 .debug_abbrev  0x000021bb      0x26e src/ASF/sam/drivers/uart/uart.o
 .debug_abbrev  0x00002429      0x3bd src/ASF/sam/drivers/usart/usart.o
 .debug_abbrev  0x000027e6      0x2e4 src/ASF/sam/utils/cmsis/same70/source/templates/gcc/startup_same70.o
 .debug_abbrev  0x00002aca      0x102 src/ASF/sam/utils/cmsis/same70/source/templates/system_same70.o
 .debug_abbrev  0x00002bcc      0x264 src/ASF/sam/utils/syscalls/gcc/syscalls.o

.debug_loc      0x00000000     0x4992
 .debug_loc     0x00000000      0x4ea src/main.o
 .debug_loc     0x000004ea      0x183 src/ASF/common/services/clock/same70/sysclk.o
 .debug_loc     0x0000066d       0xb3 src/ASF/common/utils/stdio/read.o
 .debug_loc     0x00000720      0x12b src/ASF/common/utils/stdio/write.o
 .debug_loc     0x0000084b      0x261 src/ASF/sam/boards/same70_xplained/init.o
 .debug_loc     0x00000aac      0xa8b src/ASF/sam/drivers/afec/afec.o
 .debug_loc     0x00001537      0xea4 src/ASF/sam/drivers/pio/pio.o
 .debug_loc     0x000023db      0x588 src/ASF/sam/drivers/pio/pio_handler.o
 .debug_loc     0x00002963      0xce3 src/ASF/sam/drivers/pmc/pmc.o
 .debug_loc     0x00003646      0x2a3 src/ASF/sam/drivers/uart/uart.o
 .debug_loc     0x000038e9      0xf35 src/ASF/sam/drivers/usart/usart.o
 .debug_loc     0x0000481e       0x77 src/ASF/sam/utils/cmsis/same70/source/templates/gcc/startup_same70.o
 .debug_loc     0x00004895       0xfd src/ASF/sam/utils/syscalls/gcc/syscalls.o

.debug_aranges  0x00000000      0xa60
 .debug_aranges
                0x00000000       0x38 src/main.o
 .debug_aranges
                0x00000038       0x40 src/ASF/common/services/clock/same70/sysclk.o
 .debug_aranges
                0x00000078       0x18 src/ASF/common/services/sleepmgr/sam/sleepmgr.o
 .debug_aranges
                0x00000090       0x28 src/ASF/common/utils/interrupt/interrupt_sam_nvic.o
 .debug_aranges
                0x000000b8       0x20 src/ASF/common/utils/stdio/read.o
 .debug_aranges
                0x000000d8       0x20 src/ASF/common/utils/stdio/write.o
 .debug_aranges
                0x000000f8       0x20 src/ASF/sam/boards/same70_xplained/init.o
 .debug_aranges
                0x00000118       0xb8 src/ASF/sam/drivers/afec/afec.o
 .debug_aranges
                0x000001d0      0x1a8 src/ASF/sam/drivers/pio/pio.o
 .debug_aranges
                0x00000378       0x60 src/ASF/sam/drivers/pio/pio_handler.o
 .debug_aranges
                0x000003d8      0x250 src/ASF/sam/drivers/pmc/pmc.o
 .debug_aranges
                0x00000628       0xd8 src/ASF/sam/drivers/uart/uart.o
 .debug_aranges
                0x00000700      0x2a8 src/ASF/sam/drivers/usart/usart.o
 .debug_aranges
                0x000009a8       0x28 src/ASF/sam/utils/cmsis/same70/source/templates/gcc/startup_same70.o
 .debug_aranges
                0x000009d0       0x30 src/ASF/sam/utils/cmsis/same70/source/templates/system_same70.o
 .debug_aranges
                0x00000a00       0x60 src/ASF/sam/utils/syscalls/gcc/syscalls.o

.debug_ranges   0x00000000      0xaa8
 .debug_ranges  0x00000000       0x40 src/main.o
 .debug_ranges  0x00000040       0x30 src/ASF/common/services/clock/same70/sysclk.o
 .debug_ranges  0x00000070       0x18 src/ASF/common/utils/interrupt/interrupt_sam_nvic.o
 .debug_ranges  0x00000088       0x10 src/ASF/common/utils/stdio/read.o
 .debug_ranges  0x00000098       0x10 src/ASF/common/utils/stdio/write.o
 .debug_ranges  0x000000a8       0x10 src/ASF/sam/boards/same70_xplained/init.o
 .debug_ranges  0x000000b8       0xc0 src/ASF/sam/drivers/afec/afec.o
 .debug_ranges  0x00000178      0x2a0 src/ASF/sam/drivers/pio/pio.o
 .debug_ranges  0x00000418       0x68 src/ASF/sam/drivers/pio/pio_handler.o
 .debug_ranges  0x00000480      0x240 src/ASF/sam/drivers/pmc/pmc.o
 .debug_ranges  0x000006c0       0xc8 src/ASF/sam/drivers/uart/uart.o
 .debug_ranges  0x00000788      0x298 src/ASF/sam/drivers/usart/usart.o
 .debug_ranges  0x00000a20       0x18 src/ASF/sam/utils/cmsis/same70/source/templates/gcc/startup_same70.o
 .debug_ranges  0x00000a38       0x20 src/ASF/sam/utils/cmsis/same70/source/templates/system_same70.o
 .debug_ranges  0x00000a58       0x50 src/ASF/sam/utils/syscalls/gcc/syscalls.o

.debug_macro    0x00000000    0x1f23d
 .debug_macro   0x00000000      0x837 src/main.o
 .debug_macro   0x00000837      0x8ce src/main.o
 .debug_macro   0x00001105       0x22 src/main.o
 .debug_macro   0x00001127       0x52 src/main.o
 .debug_macro   0x00001179       0x8d src/main.o
 .debug_macro   0x00001206       0x35 src/main.o
 .debug_macro   0x0000123b       0x9c src/main.o
 .debug_macro   0x000012d7       0x16 src/main.o
 .debug_macro   0x000012ed       0x57 src/main.o
 .debug_macro   0x00001344       0x97 src/main.o
 .debug_macro   0x000013db      0x353 src/main.o
 .debug_macro   0x0000172e       0xf6 src/main.o
 .debug_macro   0x00001824       0x10 src/main.o
 .debug_macro   0x00001834       0x58 src/main.o
 .debug_macro   0x0000188c       0x1f src/main.o
 .debug_macro   0x000018ab       0x43 src/main.o
 .debug_macro   0x000018ee       0x20 src/main.o
 .debug_macro   0x0000190e      0x187 src/main.o
 .debug_macro   0x00001a95       0x10 src/main.o
 .debug_macro   0x00001aa5       0x6a src/main.o
 .debug_macro   0x00001b0f       0x1c src/main.o
 .debug_macro   0x00001b2b       0x52 src/main.o
 .debug_macro   0x00001b7d       0x40 src/main.o
 .debug_macro   0x00001bbd       0x10 src/main.o
 .debug_macro   0x00001bcd       0x40 src/main.o
 .debug_macro   0x00001c0d       0xd7 src/main.o
 .debug_macro   0x00001ce4       0x16 src/main.o
 .debug_macro   0x00001cfa      0x18b src/main.o
 .debug_macro   0x00001e85       0x16 src/main.o
 .debug_macro   0x00001e9b       0x35 src/main.o
 .debug_macro   0x00001ed0       0x16 src/main.o
 .debug_macro   0x00001ee6      0x64b src/main.o
 .debug_macro   0x00002531       0x76 src/main.o
 .debug_macro   0x000025a7       0x16 src/main.o
 .debug_macro   0x000025bd      0x6e4 src/main.o
 .debug_macro   0x00002ca1       0xef src/main.o
 .debug_macro   0x00002d90      0x1df src/main.o
 .debug_macro   0x00002f6f       0x4a src/main.o
 .debug_macro   0x00002fb9       0x3b src/main.o
 .debug_macro   0x00002ff4       0x2d src/main.o
 .debug_macro   0x00003021       0x26 src/main.o
 .debug_macro   0x00003047      0xf9a src/main.o
 .debug_macro   0x00003fe1      0x175 src/main.o
 .debug_macro   0x00004156      0x257 src/main.o
 .debug_macro   0x000043ad      0xa0f src/main.o
 .debug_macro   0x00004dbc      0x1b9 src/main.o
 .debug_macro   0x00004f75      0x336 src/main.o
 .debug_macro   0x000052ab      0x15b src/main.o
 .debug_macro   0x00005406     0x1851 src/main.o
 .debug_macro   0x00006c57       0x1c src/main.o
 .debug_macro   0x00006c73      0x68d src/main.o
 .debug_macro   0x00007300      0x31e src/main.o
 .debug_macro   0x0000761e      0x4d4 src/main.o
 .debug_macro   0x00007af2      0x56e src/main.o
 .debug_macro   0x00008060     0x1332 src/main.o
 .debug_macro   0x00009392     0x278d src/main.o
 .debug_macro   0x0000bb1f     0x102b src/main.o
 .debug_macro   0x0000cb4a      0xe01 src/main.o
 .debug_macro   0x0000d94b      0x3b1 src/main.o
 .debug_macro   0x0000dcfc       0xa0 src/main.o
 .debug_macro   0x0000dd9c       0x76 src/main.o
 .debug_macro   0x0000de12      0x409 src/main.o
 .debug_macro   0x0000e21b       0x64 src/main.o
 .debug_macro   0x0000e27f      0x284 src/main.o
 .debug_macro   0x0000e503      0x1d0 src/main.o
 .debug_macro   0x0000e6d3      0x248 src/main.o
 .debug_macro   0x0000e91b      0x524 src/main.o
 .debug_macro   0x0000ee3f      0x63b src/main.o
 .debug_macro   0x0000f47a      0x6b8 src/main.o
 .debug_macro   0x0000fb32       0x4c src/main.o
 .debug_macro   0x0000fb7e      0x468 src/main.o
 .debug_macro   0x0000ffe6      0x207 src/main.o
 .debug_macro   0x000101ed      0x866 src/main.o
 .debug_macro   0x00010a53     0x1547 src/main.o
 .debug_macro   0x00011f9a       0x40 src/main.o
 .debug_macro   0x00011fda       0x76 src/main.o
 .debug_macro   0x00012050      0xdaf src/main.o
 .debug_macro   0x00012dff       0x82 src/main.o
 .debug_macro   0x00012e81       0x76 src/main.o
 .debug_macro   0x00012ef7       0x4c src/main.o
 .debug_macro   0x00012f43      0x135 src/main.o
 .debug_macro   0x00013078      0x135 src/main.o
 .debug_macro   0x000131ad      0x135 src/main.o
 .debug_macro   0x000132e2       0x6a src/main.o
 .debug_macro   0x0001334c       0x6a src/main.o
 .debug_macro   0x000133b6      0x313 src/main.o
 .debug_macro   0x000136c9       0xb2 src/main.o
 .debug_macro   0x0001377b       0xb2 src/main.o
 .debug_macro   0x0001382d       0xb2 src/main.o
 .debug_macro   0x000138df      0x11d src/main.o
 .debug_macro   0x000139fc      0x11d src/main.o
 .debug_macro   0x00013b19      0x2cd src/main.o
 .debug_macro   0x00013de6       0xb8 src/main.o
 .debug_macro   0x00013e9e       0x5e src/main.o
 .debug_macro   0x00013efc       0x40 src/main.o
 .debug_macro   0x00013f3c       0x4c src/main.o
 .debug_macro   0x00013f88       0xa0 src/main.o
 .debug_macro   0x00014028      0x494 src/main.o
 .debug_macro   0x000144bc      0x135 src/main.o
 .debug_macro   0x000145f1       0x4c src/main.o
 .debug_macro   0x0001463d      0x313 src/main.o
 .debug_macro   0x00014950       0x6a src/main.o
 .debug_macro   0x000149ba       0xb8 src/main.o
 .debug_macro   0x00014a72       0x6a src/main.o
 .debug_macro   0x00014adc       0x2e src/main.o
 .debug_macro   0x00014b0a      0x9b1 src/main.o
 .debug_macro   0x000154bb       0x6a src/main.o
 .debug_macro   0x00015525       0x88 src/main.o
 .debug_macro   0x000155ad       0x58 src/main.o
 .debug_macro   0x00015605       0xe2 src/main.o
 .debug_macro   0x000156e7       0x16 src/main.o
 .debug_macro   0x000156fd       0xe2 src/main.o
 .debug_macro   0x000157df       0x4c src/main.o
 .debug_macro   0x0001582b       0x16 src/main.o
 .debug_macro   0x00015841       0x4c src/main.o
 .debug_macro   0x0001588d       0x2e src/main.o
 .debug_macro   0x000158bb      0x1b5 src/main.o
 .debug_macro   0x00015a70      0x1b5 src/main.o
 .debug_macro   0x00015c25      0x1b5 src/main.o
 .debug_macro   0x00015dda      0x1b5 src/main.o
 .debug_macro   0x00015f8f      0x1b5 src/main.o
 .debug_macro   0x00016144       0x1c src/main.o
 .debug_macro   0x00016160       0x2e src/main.o
 .debug_macro   0x0001618e       0x22 src/main.o
 .debug_macro   0x000161b0       0x1c src/main.o
 .debug_macro   0x000161cc       0x52 src/main.o
 .debug_macro   0x0001621e       0x10 src/main.o
 .debug_macro   0x0001622e       0x1c src/main.o
 .debug_macro   0x0001624a       0x4c src/main.o
 .debug_macro   0x00016296       0x4c src/main.o
 .debug_macro   0x000162e2       0x4c src/main.o
 .debug_macro   0x0001632e      0x31b src/main.o
 .debug_macro   0x00016649     0x1022 src/main.o
 .debug_macro   0x0001766b      0x107 src/main.o
 .debug_macro   0x00017772       0x22 src/main.o
 .debug_macro   0x00017794       0x16 src/main.o
 .debug_macro   0x000177aa       0x16 src/main.o
 .debug_macro   0x000177c0       0x29 src/main.o
 .debug_macro   0x000177e9       0x75 src/main.o
 .debug_macro   0x0001785e       0x3f src/main.o
 .debug_macro   0x0001789d      0x3ca src/main.o
 .debug_macro   0x00017c67       0x12 src/main.o
 .debug_macro   0x00017c79       0x3a src/main.o
 .debug_macro   0x00017cb3      0x2c6 src/main.o
 .debug_macro   0x00017f79      0xa96 src/main.o
 .debug_macro   0x00018a0f       0x70 src/main.o
 .debug_macro   0x00018a7f       0x64 src/main.o
 .debug_macro   0x00018ae3       0x5f src/main.o
 .debug_macro   0x00018b42       0xac src/main.o
 .debug_macro   0x00018bee       0x28 src/main.o
 .debug_macro   0x00018c16       0x23 src/main.o
 .debug_macro   0x00018c39       0x94 src/main.o
 .debug_macro   0x00018ccd       0x40 src/main.o
 .debug_macro   0x00018d0d       0x88 src/main.o
 .debug_macro   0x00018d95      0x1ce src/main.o
 .debug_macro   0x00018f63       0x34 src/main.o
 .debug_macro   0x00018f97       0x16 src/main.o
 .debug_macro   0x00018fad       0x1c src/main.o
 .debug_macro   0x00018fc9       0x10 src/main.o
 .debug_macro   0x00018fd9       0x1c src/main.o
 .debug_macro   0x00018ff5       0x3a src/main.o
 .debug_macro   0x0001902f       0x28 src/main.o
 .debug_macro   0x00019057      0x6d1 src/ASF/common/services/clock/same70/sysclk.o
 .debug_macro   0x00019728      0x2c0 src/ASF/common/services/clock/same70/sysclk.o
 .debug_macro   0x000199e8      0x67f src/ASF/common/services/sleepmgr/sam/sleepmgr.o
 .debug_macro   0x0001a067      0x655 src/ASF/common/utils/interrupt/interrupt_sam_nvic.o
 .debug_macro   0x0001a6bc      0x655 src/ASF/common/utils/stdio/read.o
 .debug_macro   0x0001ad11      0x655 src/ASF/common/utils/stdio/write.o
 .debug_macro   0x0001b366      0x70b src/ASF/sam/boards/same70_xplained/init.o
 .debug_macro   0x0001ba71       0x16 src/ASF/sam/boards/same70_xplained/init.o
 .debug_macro   0x0001ba87       0x82 src/ASF/sam/boards/same70_xplained/init.o
 .debug_macro   0x0001bb09      0x72e src/ASF/sam/drivers/afec/afec.o
 .debug_macro   0x0001c237      0x66b src/ASF/sam/drivers/pio/pio.o
 .debug_macro   0x0001c8a2       0x8e src/ASF/sam/drivers/pio/pio.o
 .debug_macro   0x0001c930      0x676 src/ASF/sam/drivers/pio/pio_handler.o
 .debug_macro   0x0001cfa6      0x66b src/ASF/sam/drivers/pmc/pmc.o
 .debug_macro   0x0001d611       0x6a src/ASF/sam/drivers/pmc/pmc.o
 .debug_macro   0x0001d67b      0x665 src/ASF/sam/drivers/uart/uart.o
 .debug_macro   0x0001dce0       0x16 src/ASF/sam/drivers/uart/uart.o
 .debug_macro   0x0001dcf6      0x69b src/ASF/sam/drivers/usart/usart.o
 .debug_macro   0x0001e391       0x34 src/ASF/sam/drivers/usart/usart.o
 .debug_macro   0x0001e3c5      0x664 src/ASF/sam/utils/cmsis/same70/source/templates/gcc/startup_same70.o
 .debug_macro   0x0001ea29       0x10 src/ASF/sam/utils/cmsis/same70/source/templates/gcc/startup_same70.o
 .debug_macro   0x0001ea39      0x455 src/ASF/sam/utils/cmsis/same70/source/templates/system_same70.o
 .debug_macro   0x0001ee8e      0x1d6 src/ASF/sam/utils/syscalls/gcc/syscalls.o
 .debug_macro   0x0001f064       0x4c src/ASF/sam/utils/syscalls/gcc/syscalls.o
 .debug_macro   0x0001f0b0       0x16 src/ASF/sam/utils/syscalls/gcc/syscalls.o
 .debug_macro   0x0001f0c6       0x10 src/ASF/sam/utils/syscalls/gcc/syscalls.o
 .debug_macro   0x0001f0d6       0x10 src/ASF/sam/utils/syscalls/gcc/syscalls.o
 .debug_macro   0x0001f0e6       0x35 src/ASF/sam/utils/syscalls/gcc/syscalls.o
 .debug_macro   0x0001f11b      0x122 src/ASF/sam/utils/syscalls/gcc/syscalls.o

.debug_line     0x00000000     0xb834
 .debug_line    0x00000000      0xffc src/main.o
 .debug_line    0x00000ffc      0xb23 src/ASF/common/services/clock/same70/sysclk.o
 .debug_line    0x00001b1f      0xa23 src/ASF/common/services/sleepmgr/sam/sleepmgr.o
 .debug_line    0x00002542      0x9d5 src/ASF/common/utils/interrupt/interrupt_sam_nvic.o
 .debug_line    0x00002f17      0x9bb src/ASF/common/utils/stdio/read.o
 .debug_line    0x000038d2      0x9b3 src/ASF/common/utils/stdio/write.o
 .debug_line    0x00004285      0xc04 src/ASF/sam/boards/same70_xplained/init.o
 .debug_line    0x00004e89      0xea8 src/ASF/sam/drivers/afec/afec.o
 .debug_line    0x00005d31      0xeb7 src/ASF/sam/drivers/pio/pio.o
 .debug_line    0x00006be8      0xa93 src/ASF/sam/drivers/pio/pio_handler.o
 .debug_line    0x0000767b     0x103f src/ASF/sam/drivers/pmc/pmc.o
 .debug_line    0x000086ba      0xb4d src/ASF/sam/drivers/uart/uart.o
 .debug_line    0x00009207     0x104a src/ASF/sam/drivers/usart/usart.o
 .debug_line    0x0000a251      0xa47 src/ASF/sam/utils/cmsis/same70/source/templates/gcc/startup_same70.o
 .debug_line    0x0000ac98      0x7bd src/ASF/sam/utils/cmsis/same70/source/templates/system_same70.o
 .debug_line    0x0000b455      0x3df src/ASF/sam/utils/syscalls/gcc/syscalls.o

.debug_str      0x00000000    0x8c296
 .debug_str     0x00000000    0x883de src/main.o
                              0x88b48 (size before relaxing)
 .debug_str     0x000883de      0x40b src/ASF/common/services/clock/same70/sysclk.o
                              0x86445 (size before relaxing)
 .debug_str     0x000887e9       0xbd src/ASF/common/services/sleepmgr/sam/sleepmgr.o
                              0x81f33 (size before relaxing)
 .debug_str     0x000888a6       0x94 src/ASF/common/utils/interrupt/interrupt_sam_nvic.o
                              0x81df7 (size before relaxing)
 .debug_str     0x0008893a       0x2c src/ASF/common/utils/stdio/read.o
                              0x81da0 (size before relaxing)
 .debug_str     0x00088966       0x26 src/ASF/common/utils/stdio/write.o
                              0x81da1 (size before relaxing)
 .debug_str     0x0008898c      0x9cb src/ASF/sam/boards/same70_xplained/init.o
                              0x87043 (size before relaxing)
 .debug_str     0x00089357      0x845 src/ASF/sam/drivers/afec/afec.o
                              0x8745d (size before relaxing)
 .debug_str     0x00089b9c      0x5b0 src/ASF/sam/drivers/pio/pio.o
                              0x8294d (size before relaxing)
 .debug_str     0x0008a14c      0x111 src/ASF/sam/drivers/pio/pio_handler.o
                              0x82a6f (size before relaxing)
 .debug_str     0x0008a25d      0x699 src/ASF/sam/drivers/pmc/pmc.o
                              0x82ab1 (size before relaxing)
 .debug_str     0x0008a8f6      0x1f1 src/ASF/sam/drivers/uart/uart.o
                              0x820a7 (size before relaxing)
 .debug_str     0x0008aae7      0x90a src/ASF/sam/drivers/usart/usart.o
                              0x8293f (size before relaxing)
 .debug_str     0x0008b3f1      0x606 src/ASF/sam/utils/cmsis/same70/source/templates/gcc/startup_same70.o
                              0x825c4 (size before relaxing)
 .debug_str     0x0008b9f7      0x137 src/ASF/sam/utils/cmsis/same70/source/templates/system_same70.o
                              0x7280b (size before relaxing)
 .debug_str     0x0008bb2e      0x768 src/ASF/sam/utils/syscalls/gcc/syscalls.o
                               0x743c (size before relaxing)

.debug_frame    0x00000000     0x22f8
 .debug_frame   0x00000000       0x80 src/main.o
 .debug_frame   0x00000080       0x88 src/ASF/common/services/clock/same70/sysclk.o
 .debug_frame   0x00000108       0x30 src/ASF/common/utils/interrupt/interrupt_sam_nvic.o
 .debug_frame   0x00000138       0x30 src/ASF/common/utils/stdio/read.o
 .debug_frame   0x00000168       0x48 src/ASF/common/utils/stdio/write.o
 .debug_frame   0x000001b0       0x30 src/ASF/sam/boards/same70_xplained/init.o
 .debug_frame   0x000001e0      0x1f0 src/ASF/sam/drivers/afec/afec.o
 .debug_frame   0x000003d0      0x390 src/ASF/sam/drivers/pio/pio.o
 .debug_frame   0x00000760      0x110 src/ASF/sam/drivers/pio/pio_handler.o
 .debug_frame   0x00000870      0x494 src/ASF/sam/drivers/pmc/pmc.o
 .debug_frame   0x00000d04      0x19c src/ASF/sam/drivers/uart/uart.o
 .debug_frame   0x00000ea0      0x5c0 src/ASF/sam/drivers/usart/usart.o
 .debug_frame   0x00001460       0x38 src/ASF/sam/utils/cmsis/same70/source/templates/gcc/startup_same70.o
 .debug_frame   0x00001498       0x40 src/ASF/sam/utils/cmsis/same70/source/templates/system_same70.o
 .debug_frame   0x000014d8       0xa0 src/ASF/sam/utils/syscalls/gcc/syscalls.o
 .debug_frame   0x00001578       0x2c d:/arquivos de programas/7.0/toolchain/arm/arm-gnu-toolchain/bin/../lib/gcc/arm-none-eabi/6.3.1/../../../../arm-none-eabi/lib/thumb/v7e-m\libc.a(lib_a-init.o)
 .debug_frame   0x000015a4       0x74 d:/arquivos de programas/7.0/toolchain/arm/arm-gnu-toolchain/bin/../lib/gcc/arm-none-eabi/6.3.1/../../../../arm-none-eabi/lib/thumb/v7e-m\libc.a(lib_a-iprintf.o)
 .debug_frame   0x00001618       0x34 d:/arquivos de programas/7.0/toolchain/arm/arm-gnu-toolchain/bin/../lib/gcc/arm-none-eabi/6.3.1/../../../../arm-none-eabi/lib/thumb/v7e-m\libc.a(lib_a-memset.o)
 .debug_frame   0x0000164c       0x4c d:/arquivos de programas/7.0/toolchain/arm/arm-gnu-toolchain/bin/../lib/gcc/arm-none-eabi/6.3.1/../../../../arm-none-eabi/lib/thumb/v7e-m\libc.a(lib_a-puts.o)
 .debug_frame   0x00001698       0x20 d:/arquivos de programas/7.0/toolchain/arm/arm-gnu-toolchain/bin/../lib/gcc/arm-none-eabi/6.3.1/../../../../arm-none-eabi/lib/thumb/v7e-m\libc.a(lib_a-setbuf.o)
 .debug_frame   0x000016b8       0x48 d:/arquivos de programas/7.0/toolchain/arm/arm-gnu-toolchain/bin/../lib/gcc/arm-none-eabi/6.3.1/../../../../arm-none-eabi/lib/thumb/v7e-m\libc.a(lib_a-setvbuf.o)
 .debug_frame   0x00001700       0xd8 d:/arquivos de programas/7.0/toolchain/arm/arm-gnu-toolchain/bin/../lib/gcc/arm-none-eabi/6.3.1/../../../../arm-none-eabi/lib/thumb/v7e-m\libc.a(lib_a-vfiprintf.o)
 .debug_frame   0x000017d8       0x2c d:/arquivos de programas/7.0/toolchain/arm/arm-gnu-toolchain/bin/../lib/gcc/arm-none-eabi/6.3.1/../../../../arm-none-eabi/lib/thumb/v7e-m\libc.a(lib_a-wsetup.o)
 .debug_frame   0x00001804       0x5c d:/arquivos de programas/7.0/toolchain/arm/arm-gnu-toolchain/bin/../lib/gcc/arm-none-eabi/6.3.1/../../../../arm-none-eabi/lib/thumb/v7e-m\libc.a(lib_a-__call_atexit.o)
 .debug_frame   0x00001860       0x20 d:/arquivos de programas/7.0/toolchain/arm/arm-gnu-toolchain/bin/../lib/gcc/arm-none-eabi/6.3.1/../../../../arm-none-eabi/lib/thumb/v7e-m\libc.a(lib_a-atexit.o)
 .debug_frame   0x00001880       0x5c d:/arquivos de programas/7.0/toolchain/arm/arm-gnu-toolchain/bin/../lib/gcc/arm-none-eabi/6.3.1/../../../../arm-none-eabi/lib/thumb/v7e-m\libc.a(lib_a-fflush.o)
 .debug_frame   0x000018dc      0x148 d:/arquivos de programas/7.0/toolchain/arm/arm-gnu-toolchain/bin/../lib/gcc/arm-none-eabi/6.3.1/../../../../arm-none-eabi/lib/thumb/v7e-m\libc.a(lib_a-findfp.o)
 .debug_frame   0x00001a24       0x34 d:/arquivos de programas/7.0/toolchain/arm/arm-gnu-toolchain/bin/../lib/gcc/arm-none-eabi/6.3.1/../../../../arm-none-eabi/lib/thumb/v7e-m\libc.a(lib_a-fini.o)
 .debug_frame   0x00001a58       0x94 d:/arquivos de programas/7.0/toolchain/arm/arm-gnu-toolchain/bin/../lib/gcc/arm-none-eabi/6.3.1/../../../../arm-none-eabi/lib/thumb/v7e-m\libc.a(lib_a-fputwc.o)
 .debug_frame   0x00001aec       0x74 d:/arquivos de programas/7.0/toolchain/arm/arm-gnu-toolchain/bin/../lib/gcc/arm-none-eabi/6.3.1/../../../../arm-none-eabi/lib/thumb/v7e-m\libc.a(lib_a-freer.o)
 .debug_frame   0x00001b60       0x68 d:/arquivos de programas/7.0/toolchain/arm/arm-gnu-toolchain/bin/../lib/gcc/arm-none-eabi/6.3.1/../../../../arm-none-eabi/lib/thumb/v7e-m\libc.a(lib_a-fvwrite.o)
 .debug_frame   0x00001bc8       0x54 d:/arquivos de programas/7.0/toolchain/arm/arm-gnu-toolchain/bin/../lib/gcc/arm-none-eabi/6.3.1/../../../../arm-none-eabi/lib/thumb/v7e-m\libc.a(lib_a-fwalk.o)
 .debug_frame   0x00001c1c       0x6c d:/arquivos de programas/7.0/toolchain/arm/arm-gnu-toolchain/bin/../lib/gcc/arm-none-eabi/6.3.1/../../../../arm-none-eabi/lib/thumb/v7e-m\libc.a(lib_a-locale.o)
 .debug_frame   0x00001c88       0xb0 d:/arquivos de programas/7.0/toolchain/arm/arm-gnu-toolchain/bin/../lib/gcc/arm-none-eabi/6.3.1/../../../../arm-none-eabi/lib/thumb/v7e-m\libc.a(lib_a-lock.o)
 .debug_frame   0x00001d38       0x68 d:/arquivos de programas/7.0/toolchain/arm/arm-gnu-toolchain/bin/../lib/gcc/arm-none-eabi/6.3.1/../../../../arm-none-eabi/lib/thumb/v7e-m\libc.a(lib_a-makebuf.o)
 .debug_frame   0x00001da0       0x30 d:/arquivos de programas/7.0/toolchain/arm/arm-gnu-toolchain/bin/../lib/gcc/arm-none-eabi/6.3.1/../../../../arm-none-eabi/lib/thumb/v7e-m\libc.a(lib_a-malloc.o)
 .debug_frame   0x00001dd0       0x58 d:/arquivos de programas/7.0/toolchain/arm/arm-gnu-toolchain/bin/../lib/gcc/arm-none-eabi/6.3.1/../../../../arm-none-eabi/lib/thumb/v7e-m\libc.a(lib_a-mallocr.o)
 .debug_frame   0x00001e28       0x4c d:/arquivos de programas/7.0/toolchain/arm/arm-gnu-toolchain/bin/../lib/gcc/arm-none-eabi/6.3.1/../../../../arm-none-eabi/lib/thumb/v7e-m\libc.a(lib_a-mbtowc_r.o)
 .debug_frame   0x00001e74       0x30 d:/arquivos de programas/7.0/toolchain/arm/arm-gnu-toolchain/bin/../lib/gcc/arm-none-eabi/6.3.1/../../../../arm-none-eabi/lib/thumb/v7e-m\libc.a(lib_a-memmove.o)
 .debug_frame   0x00001ea4       0x30 d:/arquivos de programas/7.0/toolchain/arm/arm-gnu-toolchain/bin/../lib/gcc/arm-none-eabi/6.3.1/../../../../arm-none-eabi/lib/thumb/v7e-m\libc.a(lib_a-mlock.o)
 .debug_frame   0x00001ed4       0x68 d:/arquivos de programas/7.0/toolchain/arm/arm-gnu-toolchain/bin/../lib/gcc/arm-none-eabi/6.3.1/../../../../arm-none-eabi/lib/thumb/v7e-m\libc.a(lib_a-reallocr.o)
 .debug_frame   0x00001f3c       0x2c d:/arquivos de programas/7.0/toolchain/arm/arm-gnu-toolchain/bin/../lib/gcc/arm-none-eabi/6.3.1/../../../../arm-none-eabi/lib/thumb/v7e-m\libc.a(lib_a-sbrkr.o)
 .debug_frame   0x00001f68       0x88 d:/arquivos de programas/7.0/toolchain/arm/arm-gnu-toolchain/bin/../lib/gcc/arm-none-eabi/6.3.1/../../../../arm-none-eabi/lib/thumb/v7e-m\libc.a(lib_a-stdio.o)
 .debug_frame   0x00001ff0       0x40 d:/arquivos de programas/7.0/toolchain/arm/arm-gnu-toolchain/bin/../lib/gcc/arm-none-eabi/6.3.1/../../../../arm-none-eabi/lib/thumb/v7e-m\libc.a(lib_a-wbuf.o)
 .debug_frame   0x00002030       0x5c d:/arquivos de programas/7.0/toolchain/arm/arm-gnu-toolchain/bin/../lib/gcc/arm-none-eabi/6.3.1/../../../../arm-none-eabi/lib/thumb/v7e-m\libc.a(lib_a-wcrtomb.o)
 .debug_frame   0x0000208c       0x3c d:/arquivos de programas/7.0/toolchain/arm/arm-gnu-toolchain/bin/../lib/gcc/arm-none-eabi/6.3.1/../../../../arm-none-eabi/lib/thumb/v7e-m\libc.a(lib_a-wctomb_r.o)
 .debug_frame   0x000020c8       0x2c d:/arquivos de programas/7.0/toolchain/arm/arm-gnu-toolchain/bin/../lib/gcc/arm-none-eabi/6.3.1/../../../../arm-none-eabi/lib/thumb/v7e-m\libc.a(lib_a-writer.o)
 .debug_frame   0x000020f4       0x34 d:/arquivos de programas/7.0/toolchain/arm/arm-gnu-toolchain/bin/../lib/gcc/arm-none-eabi/6.3.1/../../../../arm-none-eabi/lib/thumb/v7e-m\libc.a(lib_a-__atexit.o)
 .debug_frame   0x00002128       0x2c d:/arquivos de programas/7.0/toolchain/arm/arm-gnu-toolchain/bin/../lib/gcc/arm-none-eabi/6.3.1/../../../../arm-none-eabi/lib/thumb/v7e-m\libc.a(lib_a-closer.o)
 .debug_frame   0x00002154       0x3c d:/arquivos de programas/7.0/toolchain/arm/arm-gnu-toolchain/bin/../lib/gcc/arm-none-eabi/6.3.1/../../../../arm-none-eabi/lib/thumb/v7e-m\libc.a(lib_a-fclose.o)
 .debug_frame   0x00002190       0x2c d:/arquivos de programas/7.0/toolchain/arm/arm-gnu-toolchain/bin/../lib/gcc/arm-none-eabi/6.3.1/../../../../arm-none-eabi/lib/thumb/v7e-m\libc.a(lib_a-fstatr.o)
 .debug_frame   0x000021bc       0x2c d:/arquivos de programas/7.0/toolchain/arm/arm-gnu-toolchain/bin/../lib/gcc/arm-none-eabi/6.3.1/../../../../arm-none-eabi/lib/thumb/v7e-m\libc.a(lib_a-isattyr.o)
 .debug_frame   0x000021e8       0x2c d:/arquivos de programas/7.0/toolchain/arm/arm-gnu-toolchain/bin/../lib/gcc/arm-none-eabi/6.3.1/../../../../arm-none-eabi/lib/thumb/v7e-m\libc.a(lib_a-lseekr.o)
 .debug_frame   0x00002214       0x2c d:/arquivos de programas/7.0/toolchain/arm/arm-gnu-toolchain/bin/../lib/gcc/arm-none-eabi/6.3.1/../../../../arm-none-eabi/lib/thumb/v7e-m\libc.a(lib_a-readr.o)
 .debug_frame   0x00002240       0x58 d:/arquivos de programas/7.0/toolchain/arm/arm-gnu-toolchain/bin/../lib/gcc/arm-none-eabi/6.3.1/../../../../arm-none-eabi/lib/thumb/v7e-m\libc.a(lib_a-reent.o)
 .debug_frame   0x00002298       0x2c d:/arquivos de programas/7.0/toolchain/arm/arm-gnu-toolchain/bin/../lib/gcc/arm-none-eabi/6.3.1/thumb/v7e-m\libgcc.a(_aeabi_uldivmod.o)
 .debug_frame   0x000022c4       0x34 d:/arquivos de programas/7.0/toolchain/arm/arm-gnu-toolchain/bin/../lib/gcc/arm-none-eabi/6.3.1/thumb/v7e-m\libgcc.a(_udivmoddi4.o)

Cross Reference Table

Symbol                                            File
ACC_Handler                                       src/ASF/sam/utils/cmsis/same70/source/templates/gcc/startup_same70.o
AES_Handler                                       src/ASF/sam/utils/cmsis/same70/source/templates/gcc/startup_same70.o
AFEC0_Handler                                     src/ASF/sam/drivers/afec/afec.o
AFEC1_Handler                                     src/ASF/sam/drivers/afec/afec.o
BusFault_Handler                                  src/ASF/sam/utils/cmsis/same70/source/templates/gcc/startup_same70.o
DACC_Handler                                      src/ASF/sam/utils/cmsis/same70/source/templates/gcc/startup_same70.o
DebugMon_Handler                                  src/ASF/sam/utils/cmsis/same70/source/templates/gcc/startup_same70.o
Dummy_Handler                                     src/ASF/sam/utils/cmsis/same70/source/templates/gcc/startup_same70.o
EFC_Handler                                       src/ASF/sam/utils/cmsis/same70/source/templates/gcc/startup_same70.o
GMAC_Handler                                      src/ASF/sam/utils/cmsis/same70/source/templates/gcc/startup_same70.o
HSMCI_Handler                                     src/ASF/sam/utils/cmsis/same70/source/templates/gcc/startup_same70.o
HardFault_Handler                                 src/ASF/sam/utils/cmsis/same70/source/templates/gcc/startup_same70.o
ICM_Handler                                       src/ASF/sam/utils/cmsis/same70/source/templates/gcc/startup_same70.o
ISI_Handler                                       src/ASF/sam/utils/cmsis/same70/source/templates/gcc/startup_same70.o
MCAN0_Handler                                     src/ASF/sam/utils/cmsis/same70/source/templates/gcc/startup_same70.o
MCAN1_Handler                                     src/ASF/sam/utils/cmsis/same70/source/templates/gcc/startup_same70.o
MemManage_Handler                                 src/ASF/sam/utils/cmsis/same70/source/templates/gcc/startup_same70.o
NMI_Handler                                       src/ASF/sam/utils/cmsis/same70/source/templates/gcc/startup_same70.o
PIOA_Handler                                      src/ASF/sam/drivers/pio/pio_handler.o
PIOB_Handler                                      src/ASF/sam/drivers/pio/pio_handler.o
PIOC_Handler                                      src/ASF/sam/drivers/pio/pio_handler.o
PIOD_Handler                                      src/ASF/sam/drivers/pio/pio_handler.o
PIOE_Handler                                      src/ASF/sam/drivers/pio/pio_handler.o
PMC_Handler                                       src/ASF/sam/utils/cmsis/same70/source/templates/gcc/startup_same70.o
PWM0_Handler                                      src/ASF/sam/utils/cmsis/same70/source/templates/gcc/startup_same70.o
PWM1_Handler                                      src/ASF/sam/utils/cmsis/same70/source/templates/gcc/startup_same70.o
PendSV_Handler                                    src/ASF/sam/utils/cmsis/same70/source/templates/gcc/startup_same70.o
QSPI_Handler                                      src/ASF/sam/utils/cmsis/same70/source/templates/gcc/startup_same70.o
RSTC_Handler                                      src/ASF/sam/utils/cmsis/same70/source/templates/gcc/startup_same70.o
RSWDT_Handler                                     src/ASF/sam/utils/cmsis/same70/source/templates/gcc/startup_same70.o
RTC_Handler                                       src/ASF/sam/utils/cmsis/same70/source/templates/gcc/startup_same70.o
RTT_Handler                                       src/ASF/sam/utils/cmsis/same70/source/templates/gcc/startup_same70.o
Reset_Handler                                     src/ASF/sam/utils/cmsis/same70/source/templates/gcc/startup_same70.o
SDRAMC_Handler                                    src/ASF/sam/utils/cmsis/same70/source/templates/gcc/startup_same70.o
SPI0_Handler                                      src/ASF/sam/utils/cmsis/same70/source/templates/gcc/startup_same70.o
SPI1_Handler                                      src/ASF/sam/utils/cmsis/same70/source/templates/gcc/startup_same70.o
SSC_Handler                                       src/ASF/sam/utils/cmsis/same70/source/templates/gcc/startup_same70.o
SUPC_Handler                                      src/ASF/sam/utils/cmsis/same70/source/templates/gcc/startup_same70.o
SVC_Handler                                       src/ASF/sam/utils/cmsis/same70/source/templates/gcc/startup_same70.o
SysTick_Handler                                   src/ASF/sam/utils/cmsis/same70/source/templates/gcc/startup_same70.o
SystemCoreClock                                   src/ASF/sam/utils/cmsis/same70/source/templates/system_same70.o
SystemCoreClockUpdate                             src/ASF/sam/utils/cmsis/same70/source/templates/system_same70.o
                                                  src/ASF/common/services/clock/same70/sysclk.o
SystemInit                                        src/ASF/sam/utils/cmsis/same70/source/templates/system_same70.o
TC0_Handler                                       src/ASF/sam/utils/cmsis/same70/source/templates/gcc/startup_same70.o
TC10_Handler                                      src/ASF/sam/utils/cmsis/same70/source/templates/gcc/startup_same70.o
TC11_Handler                                      src/ASF/sam/utils/cmsis/same70/source/templates/gcc/startup_same70.o
TC1_Handler                                       src/ASF/sam/utils/cmsis/same70/source/templates/gcc/startup_same70.o
TC2_Handler                                       src/ASF/sam/utils/cmsis/same70/source/templates/gcc/startup_same70.o
TC3_Handler                                       src/ASF/sam/utils/cmsis/same70/source/templates/gcc/startup_same70.o
TC4_Handler                                       src/ASF/sam/utils/cmsis/same70/source/templates/gcc/startup_same70.o
TC5_Handler                                       src/ASF/sam/utils/cmsis/same70/source/templates/gcc/startup_same70.o